<?xml version="1.0" encoding="UTF-8"?>
<x:report xmlns:x="http://www.jenitennison.com/xslt/xspec"
          xspec="../../custom-coverage-report.xspec"
          stylesheet="../../../../../tutorial/coverage/demo.xsl"
          date="2000-01-01T00:00:00Z">
   <x:scenario id="scenario1" xspec="../../../../../tutorial/coverage/demo.xspec">
      <x:label>'iron' element</x:label>
      <x:context>
         <iron weight="1"/>
      </x:context>
      <x:result select="/element()">
         <shield weight="1"/>
      </x:result>
      <x:test id="scenario1-expect1" successful="true">
         <x:label>is transformed to 'shield' element</x:label>
         <x:expect select="/element()">
            <shield weight="1"/>
         </x:expect>
      </x:test>
   </x:scenario>
</x:report>
