<?xml version="1.0" encoding="UTF-8"?>
<testsuites name="rule.xspec">
   <testsuite name="when x:context without x:apply or x:call has a 'rule' element"
              tests="2"
              failures="1">
      <testcase name="it should be transformed into a 'transformed' element"
                status="passed"/>
      <testcase name="expecting an 'erroneous' element should be Failure"
                status="failed">
         <failure message="expect assertion failed"/>
      </testcase>
   </testsuite>
</testsuites>
