<?xml version="1.0" encoding="UTF-8"?>
<report xmlns="http://www.jenitennison.com/xslt/xspec"
        xspec="../../rule.xspec"
        stylesheet="../../rule.xsl"
        date="2000-01-01T00:00:00Z">
   <scenario id="scenario1" xspec="../../rule.xspec">
      <label>x:context with correct x:expect</label>
      <input-wrap xmlns="">
         <t:context xmlns:t="http://www.jenitennison.com/xslt/xspec">
            <rule/>
         </t:context>
      </input-wrap>
      <result select="/element()">
         <transformed xmlns=""/>
      </result>
      <test id="scenario1-expect1" successful="true">
         <label>must return Success</label>
         <expect select="/element()">
            <transformed xmlns:t="http://www.jenitennison.com/xslt/xspec" xmlns=""/>
         </expect>
      </test>
   </scenario>
   <scenario id="scenario2" xspec="../../rule.xspec">
      <label>x:context with incorrect x:expect</label>
      <input-wrap xmlns="">
         <t:context xmlns:t="http://www.jenitennison.com/xslt/xspec">
            <rule/>
         </t:context>
      </input-wrap>
      <result select="/element()">
         <transformed xmlns=""/>
      </result>
      <test id="scenario2-expect1" successful="false">
         <label>must return Failure</label>
         <expect select="/element()">
            <erroneous xmlns:t="http://www.jenitennison.com/xslt/xspec" xmlns=""/>
         </expect>
      </test>
   </scenario>
</report>
