<?xml version="1.0" encoding="UTF-8"?>
<testsuites name="xspec-177.xspec">
   <testsuite name="Given the function returns &lt;foo /&gt;" tests="2" failures="2">
      <testcase name="When @test is &#34;empty(element(foo))&#34; (i.e. boolean),&#xA;&#x9;&#x9;&#x9;&#x9;then the HTML report should be&#xA;&#x9;&#x9;&#x9;&#x9;&#x9;&#34;Result&#34;    = &#34;&lt;foo /&gt;&#34;&#xA;&#x9;&#x9;&#x9;&#x9;and&#xA;&#x9;&#x9;&#x9;&#x9;&#x9;&#34;Expecting&#34; = &#34;empty(element(foo))&#34;&#xA;&#x9;&#x9;&#x9;&#x9;without diff."
                status="failed">
         <failure message="expect assertion failed">Expected: ()</failure>
      </testcase>
      <testcase name="When x:expect expects &lt;bar /&gt; and @test is &#34;element(foo)&#34; (i.e. non boolean),&#xA;&#x9;&#x9;&#x9;&#x9;then the HTML report should be&#xA;&#x9;&#x9;&#x9;&#x9;&#x9;&#34;Result&#34;          = &#34;&lt;foo /&gt;&#34;&#xA;&#x9;&#x9;&#x9;&#x9;and&#xA;&#x9;&#x9;&#x9;&#x9;&#x9;&#34;Expected Result&#34; = &#34;&lt;bar /&gt;&#34;&#xA;&#x9;&#x9;&#x9;&#x9;with diff."
                status="failed">
         <failure message="expect assertion failed">Expected: /element()</failure>
      </testcase>
   </testsuite>
</testsuites>
