<?xml version="1.0" encoding="UTF-8"?><html xmlns="http://www.w3.org/1999/xhtml">
   <head>
      <meta http-equiv="Content-Type" content="text/html; charset=UTF-8" />
      <title>Test Report for xspec-tested.xsl (passed: 1 / pending: 0 / failed: 1 / total: 2)</title>
      <link rel="stylesheet" type="text/css" href="../../../../../src/reporter/test-report.css" />
   </head>
   <body>
      <h1>Test Report</h1>
      <p>Stylesheet: <a href="../../../../xspec-tested.xsl">xspec-tested.xsl</a></p>
      <p>XSpec: <a href="../../xspec-rule.xspec">xspec-rule.xspec</a></p>
      <p>Tested: 1 January 2000 at 00:00</p>
      <h2>Contents</h2>
      <table class="xspec">
         <col width="75%" />
         <col width="6.25%" />
         <col width="6.25%" />
         <col width="6.25%" />
         <col width="6.25%" />
         <thead>
            <tr>
               <th></th>
               <th class="totals">passed: 1</th>
               <th class="totals">pending: 0</th>
               <th class="totals">failed: 1</th>
               <th class="totals">total: 2</th>
            </tr>
         </thead>
         <tbody>
            <tr class="successful">
               <th><a href="#ELEM-40">x:context with correct x:expect</a></th>
               <th class="totals">1</th>
               <th class="totals">0</th>
               <th class="totals">0</th>
               <th class="totals">1</th>
            </tr>
            <tr class="failed">
               <th><a href="#ELEM-53">x:context with incorrect x:expect</a></th>
               <th class="totals">0</th>
               <th class="totals">0</th>
               <th class="totals">1</th>
               <th class="totals">1</th>
            </tr>
         </tbody>
      </table>
      <div id="ELEM-40">
         <h2 class="successful">x:context with correct x:expect<span class="scenario-totals">passed: 1 / pending: 0 / failed: 0 / total: 1</span></h2>
         <table class="xspec" id="ELEM-42">
            <col width="75%" />
            <col width="25%" />
            <tbody>
               <tr class="successful">
                  <th>x:context with correct x:expect</th>
                  <th>passed: 1 / pending: 0 / failed: 0 / total: 1</th>
               </tr>
               <tr class="successful">
                  <td>must return Success</td>
                  <td>Success</td>
               </tr>
            </tbody>
         </table>
      </div>
      <div id="ELEM-53">
         <h2 class="failed">x:context with incorrect x:expect<span class="scenario-totals">passed: 0 / pending: 0 / failed: 1 / total: 1</span></h2>
         <table class="xspec" id="ELEM-55">
            <col width="75%" />
            <col width="25%" />
            <tbody>
               <tr class="failed">
                  <th>x:context with incorrect x:expect</th>
                  <th>passed: 0 / pending: 0 / failed: 1 / total: 1</th>
               </tr>
               <tr class="failed">
                  <td><a href="#ELEM-67">must return Failure</a></td>
                  <td>Failure</td>
               </tr>
            </tbody>
         </table>
         <div id="ELEM-66">
            <h3>x:context with incorrect x:expect</h3>
            <div id="ELEM-67">
               <h4>must return Failure</h4>
               <table class="xspecResult">
                  <thead>
                     <tr>
                        <th>Result</th>
                        <th>Expected Result</th>
                     </tr>
                  </thead>
                  <tbody>
                     <tr>
                        <td>
                           <p>XPath <code>/element()</code> from:
                           </p><pre>&lt;<span class="diff">transformed</span> xmlns:my="http://example.org/ns/my" /&gt;</pre></td>
                        <td>
                           <p>XPath <code>/element()</code> from:
                           </p><pre>&lt;<span class="diff">erroneous</span> /&gt;</pre></td>
                     </tr>
                  </tbody>
               </table>
            </div>
         </div>
      </div>
   </body>
</html>