<?xml version="1.0" encoding="UTF-8"?><html xmlns="http://www.w3.org/1999/xhtml">
   <head>
      <meta http-equiv="Content-Type" content="text/html; charset=UTF-8" />
      <title>Test Report for xspec-tested.xsl (passed: 3 / pending: 0 / failed: 2 / total: 5)</title>
      <link rel="stylesheet" type="text/css" href="../../../../../src/reporter/test-report.css" />
   </head>
   <body>
      <h1>Test Report</h1>
      <p>Stylesheet: <a href="../../../../xspec-tested.xsl">xspec-tested.xsl</a></p>
      <p>XSpec: <a href="../../xspec-import.xspec">xspec-import.xspec</a></p>
      <p>Tested: 1 January 2000 at 00:00</p>
      <h2>Contents</h2>
      <table class="xspec">
         <col width="75%" />
         <col width="6.25%" />
         <col width="6.25%" />
         <col width="6.25%" />
         <col width="6.25%" />
         <thead>
            <tr>
               <th></th>
               <th class="totals">passed: 3</th>
               <th class="totals">pending: 0</th>
               <th class="totals">failed: 2</th>
               <th class="totals">total: 5</th>
            </tr>
         </thead>
         <tbody>
            <tr class="successful">
               <th><a href="#ELEM-54">when testing a correct scenario in an importing file</a></th>
               <th class="totals">2</th>
               <th class="totals">0</th>
               <th class="totals">0</th>
               <th class="totals">2</th>
            </tr>
            <tr class="failed">
               <th><a href="#ELEM-70">when testing an incorrect scenario in an importing file</a></th>
               <th class="totals">0</th>
               <th class="totals">0</th>
               <th class="totals">1</th>
               <th class="totals">1</th>
            </tr>
            <tr class="successful">
               <th><a href="#ELEM-99">a correct scenario in an imported file</a></th>
               <th class="totals">1</th>
               <th class="totals">0</th>
               <th class="totals">0</th>
               <th class="totals">1</th>
            </tr>
            <tr class="failed">
               <th><a href="#ELEM-112">an incorrect scenario in an imported file</a></th>
               <th class="totals">0</th>
               <th class="totals">0</th>
               <th class="totals">1</th>
               <th class="totals">1</th>
            </tr>
         </tbody>
      </table>
      <div id="ELEM-54">
         <h2 class="successful">when testing a correct scenario in an importing file<span class="scenario-totals">passed: 2 / pending: 0 / failed: 0 / total: 2</span></h2>
         <table class="xspec" id="ELEM-56">
            <col width="75%" />
            <col width="25%" />
            <tbody>
               <tr class="successful">
                  <th>when testing a correct scenario in an importing file</th>
                  <th>passed: 2 / pending: 0 / failed: 0 / total: 2</th>
               </tr>
               <tr class="successful">
                  <td>expecting the correct result must return Success</td>
                  <td>Success</td>
               </tr>
               <tr class="successful">
                  <td>expecting the correct type must return Success</td>
                  <td>Success</td>
               </tr>
            </tbody>
         </table>
      </div>
      <div id="ELEM-70">
         <h2 class="failed">when testing an incorrect scenario in an importing file<span class="scenario-totals">passed: 0 / pending: 0 / failed: 1 / total: 1</span></h2>
         <table class="xspec" id="ELEM-72">
            <col width="75%" />
            <col width="25%" />
            <tbody>
               <tr class="failed">
                  <th>when testing an incorrect scenario in an importing file</th>
                  <th>passed: 0 / pending: 0 / failed: 1 / total: 1</th>
               </tr>
               <tr class="failed">
                  <td><a href="#ELEM-84">it must return Failure</a></td>
                  <td>Failure</td>
               </tr>
            </tbody>
         </table>
         <div id="ELEM-83">
            <h3>when testing an incorrect scenario in an importing file</h3>
            <div id="ELEM-84">
               <h4>it must return Failure</h4>
               <table class="xspecResult">
                  <thead>
                     <tr>
                        <th>Result</th>
                        <th>Expecting</th>
                     </tr>
                  </thead>
                  <tbody>
                     <tr>
                        <td><pre>4</pre></td>
                        <td><pre>$t:result instance of xs:string</pre></td>
                     </tr>
                  </tbody>
               </table>
            </div>
         </div>
      </div>
      <div id="ELEM-99">
         <h2 class="successful">a correct scenario in an imported file<span class="scenario-totals">passed: 1 / pending: 0 / failed: 0 / total: 1</span></h2>
         <table class="xspec" id="ELEM-101">
            <col width="75%" />
            <col width="25%" />
            <tbody>
               <tr class="successful">
                  <th>a correct scenario in an imported file</th>
                  <th>passed: 1 / pending: 0 / failed: 0 / total: 1</th>
               </tr>
               <tr class="successful">
                  <td>must return Success</td>
                  <td>Success</td>
               </tr>
            </tbody>
         </table>
      </div>
      <div id="ELEM-112">
         <h2 class="failed">an incorrect scenario in an imported file<span class="scenario-totals">passed: 0 / pending: 0 / failed: 1 / total: 1</span></h2>
         <table class="xspec" id="ELEM-114">
            <col width="75%" />
            <col width="25%" />
            <tbody>
               <tr class="failed">
                  <th>an incorrect scenario in an imported file</th>
                  <th>passed: 0 / pending: 0 / failed: 1 / total: 1</th>
               </tr>
               <tr class="failed">
                  <td><a href="#ELEM-126">must return Failure</a></td>
                  <td>Failure</td>
               </tr>
            </tbody>
         </table>
         <div id="ELEM-125">
            <h3>an incorrect scenario in an imported file</h3>
            <div id="ELEM-126">
               <h4>must return Failure</h4>
               <table class="xspecResult">
                  <thead>
                     <tr>
                        <th>Result</th>
                        <th>Expected Result</th>
                     </tr>
                  </thead>
                  <tbody>
                     <tr>
                        <td><pre>4</pre></td>
                        <td><pre>42</pre></td>
                     </tr>
                  </tbody>
               </table>
            </div>
         </div>
      </div>
   </body>
</html>