<?xml version="1.0" encoding="UTF-8"?>
<report xmlns="http://www.jenitennison.com/xslt/xspec"
        xspec="../../focus-1.xspec"
        query="http://example.org/ns/my"
        query-at="../../../../square.xqm"
        date="2000-01-01T00:00:00Z">
   <t:scenario xmlns:t="http://www.jenitennison.com/xslt/xspec"
               id="scenario1"
               xspec="../../focus-1.xspec"
               pending="testing @focus of a correct scenario">
      <t:label>an unfocused correct scenario must be Pending</t:label>
      <t:call xmlns:my="http://example.org/ns/my"
              xmlns:xs="http://www.w3.org/2001/XMLSchema"
              function="my:square">
         <t:param select="3"/>
      </t:call>
      <t:test id="scenario1-expect1" pending="testing @focus of a correct scenario">
         <t:label>it would return Success if it were not Pending</t:label>
      </t:test>
   </t:scenario>
   <t:scenario xmlns:t="http://www.jenitennison.com/xslt/xspec"
               id="scenario2"
               xspec="../../focus-1.xspec"
               pending="testing @focus of a correct scenario">
      <t:label>an unfocused incorrect scenario must be Pending</t:label>
      <t:call xmlns:my="http://example.org/ns/my"
              xmlns:xs="http://www.w3.org/2001/XMLSchema"
              function="my:square">
         <t:param select="2"/>
      </t:call>
      <t:test id="scenario2-expect1" pending="testing @focus of a correct scenario">
         <t:label>it would return Failure if it were not Pending</t:label>
      </t:test>
   </t:scenario>
   <t:scenario xmlns:t="http://www.jenitennison.com/xslt/xspec"
               id="scenario3"
               xspec="../../focus-1.xspec">
      <t:label>a focused correct scenario</t:label>
      <t:call xmlns:my="http://example.org/ns/my"
              xmlns:xs="http://www.w3.org/2001/XMLSchema"
              function="my:square">
         <t:param select="3"/>
      </t:call>
      <t:result select="9"/>
      <t:test id="scenario3-expect1" successful="true">
         <t:label>must execute the test and return Success</t:label>
         <t:expect select="9"/>
      </t:test>
   </t:scenario>
   <t:scenario xmlns:t="http://www.jenitennison.com/xslt/xspec"
               id="scenario4"
               xspec="../../focus-1.xspec">
      <t:label>a focused incorrect scenario</t:label>
      <t:call xmlns:my="http://example.org/ns/my"
              xmlns:xs="http://www.w3.org/2001/XMLSchema"
              function="my:square">
         <t:param select="2"/>
      </t:call>
      <t:result select="4"/>
      <t:test id="scenario4-expect1" successful="false">
         <t:label>must execute the test and return Failure</t:label>
         <t:expect xmlns:my="http://example.org/ns/my"
                   xmlns:xs="http://www.w3.org/2001/XMLSchema"
                   test="$t:result instance of xs:string"
                   select="()"/>
      </t:test>
   </t:scenario>
</report>
