<?xml version="1.0" encoding="UTF-8"?><html xmlns="http://www.w3.org/1999/xhtml">
   <head>
      <meta http-equiv="Content-Type" content="text/html; charset=UTF-8" />
      <title>Test Report for x-urn:test:do-nothing (passed: 2 / pending: 0 / failed: 2 / total: 4)</title>
      <link rel="stylesheet" type="text/css" href="../../../../../src/reporter/test-report-colors-blackwhite.css" />
      <link rel="stylesheet" type="text/css" href="../../../../../src/reporter/test-report-base.css" />
   </head>
   <body id="testReport">
      <h1>Test Report</h1>
      <p>Query: x-urn:test:do-nothing</p>
      <p>Query-at: <a href="../../../../do-nothing.xqm">do-nothing.xqm</a></p>
      <p>XSpec: <a href="../../force-focus_none.xspec">force-focus_none.xspec</a></p>
      <p>Tested: 1 January 2000 at 00:00</p>
      <h2>Contents</h2>
      <table class="xspec">
         <colgroup>
            <col style="width:75%" />
            <col style="width:6.25%" />
            <col style="width:6.25%" />
            <col style="width:6.25%" />
            <col style="width:6.25%" />
         </colgroup>
         <thead>
            <tr>
               <th></th>
               <th class="totals">passed: 2</th>
               <th class="totals">pending: 0</th>
               <th class="totals emphasis">failed: 2</th>
               <th class="totals">total: 4</th>
            </tr>
         </thead>
         <tbody>
            <tr class="failed">
               <th><a href="#top_scenario1">Test @focus</a></th>
               <th class="totals">2</th>
               <th class="totals">0</th>
               <th class="totals">2</th>
               <th class="totals">4</th>
            </tr>
         </tbody>
      </table>
      <div id="top_scenario1">
         <h2 class="successful">Test @focus<span class="scenario-totals">passed: 2 / pending: 0 / failed: 2 / total: 4</span></h2>
         <table class="xspec" id="table_scenario1">
            <colgroup>
               <col style="width:75%" />
               <col style="width:25%" />
            </colgroup>
            <tbody>
               <tr class="successful">
                  <th>Test @focus</th>
                  <th>passed: 2 / pending: 0 / failed: 2 / total: 4</th>
               </tr>
               <tr class="successful">
                  <th>an unfocused Success scenario must be Pending</th>
                  <th>passed: 1 / pending: 0 / failed: 0 / total: 1</th>
               </tr>
               <tr class="successful">
                  <td>it would return Success if it were not Pending</td>
                  <td>Success</td>
               </tr>
               <tr class="failed">
                  <th><a href="#scenario1-scenario2">an unfocused Failure scenario must be Pending</a></th>
                  <th>passed: 0 / pending: 0 / failed: 1 / total: 1</th>
               </tr>
               <tr class="failed">
                  <td><a href="#scenario1-scenario2-expect1">it would return Failure if it were not Pending</a></td>
                  <td>Failure</td>
               </tr>
               <tr class="successful">
                  <th>a focused Success scenario</th>
                  <th>passed: 1 / pending: 0 / failed: 0 / total: 1</th>
               </tr>
               <tr class="successful">
                  <td>must execute the test and return Success</td>
                  <td>Success</td>
               </tr>
               <tr class="failed">
                  <th><a href="#scenario1-scenario4">a focused Failure scenario</a></th>
                  <th>passed: 0 / pending: 0 / failed: 1 / total: 1</th>
               </tr>
               <tr class="failed">
                  <td><a href="#scenario1-scenario4-expect1">must execute the test and return Failure</a></td>
                  <td>Failure</td>
               </tr>
            </tbody>
         </table>
         <div id="scenario1-scenario2">
            <h3>Test @focus an unfocused Failure scenario must be Pending</h3>
            <div id="scenario1-scenario2-expect1" class="xTestReport">
               <h4 class="xTestReportTitle">it would return Failure if it were not Pending</h4>
               <div class="xTestReportHint"><a href="https://github.com/xspec/xspec/wiki/Understanding-Test-Results" target="_blank" title="What does this report mean?">[?]</a></div>
               <table class="xspecResult">
                  <thead>
                     <tr>
                        <th>Result</th>
                        <th>Expecting</th>
                     </tr>
                  </thead>
                  <tbody>
                     <tr>
                        <td>
                           <pre>9</pre>
                        </td>
                        <td>
                           <pre>$t:result instance of xs:string</pre>
                        </td>
                     </tr>
                  </tbody>
               </table>
            </div>
         </div>
         <div id="scenario1-scenario4">
            <h3>Test @focus a focused Failure scenario</h3>
            <div id="scenario1-scenario4-expect1" class="xTestReport">
               <h4 class="xTestReportTitle">must execute the test and return Failure</h4>
               <div class="xTestReportHint"><a href="https://github.com/xspec/xspec/wiki/Understanding-Test-Results" target="_blank" title="What does this report mean?">[?]</a></div>
               <table class="xspecResult">
                  <thead>
                     <tr>
                        <th>Result</th>
                        <th>Expecting</th>
                     </tr>
                  </thead>
                  <tbody>
                     <tr>
                        <td>
                           <pre>9</pre>
                        </td>
                        <td>
                           <pre>$t:result instance of xs:string</pre>
                        </td>
                     </tr>
                  </tbody>
               </table>
            </div>
         </div>
      </div>
   </body>
</html>