<?xml version="1.0" encoding="UTF-8"?>
<testsuites name="force-focus_focus-without-pending.xspec">
   <testsuite name="an unfocused correct scenario must be Pending"
              tests="1"
              failures="0">
      <testcase name="it would return Success if it were not Pending" status="passed"/>
   </testsuite>
   <testsuite name="an unfocused incorrect scenario must be Pending"
              tests="1"
              failures="1">
      <testcase name="it would return Failure if it were not Pending" status="failed">
         <failure message="expect assertion failed">Expecting: $t:result instance of xs:string</failure>
      </testcase>
   </testsuite>
   <testsuite name="a focused correct scenario" tests="1" failures="0">
      <testcase name="must execute the test and return Success" status="skipped">
         <skipped>force focus</skipped>
      </testcase>
   </testsuite>
   <testsuite name="a focused incorrect scenario" tests="1" failures="0">
      <testcase name="must execute the test and return Failure" status="skipped">
         <skipped>force focus</skipped>
      </testcase>
   </testsuite>
</testsuites>
