<?xml version="1.0" encoding="UTF-8"?>
<x:report xmlns:mirror="x-urn:test:mirror"
          xmlns:x="http://www.jenitennison.com/xslt/xspec"
          xspec="../../issue-448.xspec"
          query="x-urn:test:mirror"
          query-at="../../../../mirror.xqm"
          date="2000-01-01T00:00:00Z">
   <x:scenario id="scenario1" xspec="../../issue-448.xspec">
      <x:label>x:scenario/</x:label>
      <x:result select="()"/>
      <x:scenario id="scenario1-scenario1" xspec="../../issue-448.xspec">
         <x:label>x:label containing }{ should not affect test</x:label>
         <x:call function="mirror:false"/>
         <x:result select="Q{http://www.w3.org/2001/XMLSchema}boolean('false')"/>
         <x:test id="scenario1-scenario1-expect1" successful="true">
            <x:label>(This x:expect doesn't matter)</x:label>
            <x:expect select="Q{http://www.w3.org/2001/XMLSchema}boolean('false')"/>
         </x:test>
      </x:scenario>
      <x:scenario id="scenario1-scenario2" xspec="../../issue-448.xspec">
         <x:label>@label containing }{ should not affect test</x:label>
         <x:call function="mirror:false"/>
         <x:result select="Q{http://www.w3.org/2001/XMLSchema}boolean('false')"/>
         <x:test id="scenario1-scenario2-expect1" successful="true">
            <x:label>(This x:expect doesn't matter)</x:label>
            <x:expect select="Q{http://www.w3.org/2001/XMLSchema}boolean('false')"/>
         </x:test>
      </x:scenario>
   </x:scenario>
</x:report>
