<?xml version="1.0" encoding="UTF-8"?>
<x:report xmlns:x="http://www.jenitennison.com/xslt/xspec"
          xspec="../../issue-452.xspec"
          query="x-urn:test:mirror"
          query-at="../../../../mirror.xqm"
          date="2000-01-01T00:00:00Z">
   <x:scenario id="scenario1" xspec="../../issue-452.xspec">
      <x:label>Text</x:label>
      <x:call xmlns:mirror="x-urn:test:mirror" function="mirror:param-mirror">
         <x:param>t</x:param>
      </x:call>
      <x:result select="/text()">t</x:result>
      <x:test id="scenario1-expect1" successful="false">
         <x:label>Expect</x:label>
         <x:expect select="Q{http://www.w3.org/2001/XMLSchema}boolean('false')"/>
      </x:test>
   </x:scenario>
   <x:scenario id="scenario2" xspec="../../issue-452.xspec">
      <x:label>Comment</x:label>
      <x:call xmlns:mirror="x-urn:test:mirror" function="mirror:param-mirror">
         <x:param><!--c--></x:param>
      </x:call>
      <x:result select="/comment()"><!--c--></x:result>
      <x:test id="scenario2-expect1" successful="false">
         <x:label>Expect</x:label>
         <x:expect select="Q{http://www.w3.org/2001/XMLSchema}boolean('false')"/>
      </x:test>
   </x:scenario>
   <x:scenario id="scenario3" xspec="../../issue-452.xspec">
      <x:label>Processing instruction</x:label>
      <x:call xmlns:mirror="x-urn:test:mirror" function="mirror:param-mirror">
         <x:param><?p?></x:param>
      </x:call>
      <x:result select="/processing-instruction()"><?p?></x:result>
      <x:test id="scenario3-expect1" successful="false">
         <x:label>Expect</x:label>
         <x:expect select="Q{http://www.w3.org/2001/XMLSchema}boolean('false')"/>
      </x:test>
   </x:scenario>
   <x:scenario id="scenario4" xspec="../../issue-452.xspec">
      <x:label>In element</x:label>
      <x:call xmlns:mirror="x-urn:test:mirror" function="mirror:param-mirror">
         <x:param>
            <elem>t<!--c--><?p?></elem>
         </x:param>
      </x:call>
      <x:result select="/element()">
         <elem xmlns:mirror="x-urn:test:mirror">t<!--c--><?p?></elem>
      </x:result>
      <x:test id="scenario4-expect1" successful="false">
         <x:label>Expect</x:label>
         <x:expect select="Q{http://www.w3.org/2001/XMLSchema}boolean('false')"/>
      </x:test>
   </x:scenario>
</x:report>
