<?xml version="1.0" encoding="UTF-8"?>
<?xml-stylesheet type="text/xsl" href="../../../../../src/reporter/format-xspec-report.xsl"?>
<x:report xmlns:x="http://www.jenitennison.com/xslt/xspec"
          xmlns:test-mix="x-urn:test-mix"
          date="2000-01-01T00:00:00Z"
          query="x-urn:test-mix"
          query-at="../../xspec-151.xquery"
          xspec="../../xspec-151.xspec">
   <x:scenario>
      <x:label>When the result is a mixture of a typed element and a string</x:label>
      <x:call function="test-mix:element-and-string"/>
      <x:result select="/*">
         <pseudo-element xmlns="http://www.jenitennison.com/xslt/xspec">
            <test-mix:fooElement>
               <test-mix:barElement/>
            </test-mix:fooElement>
         </pseudo-element>
         <pseudo-atomic-value xmlns="http://www.jenitennison.com/xslt/xspec">'string'</pseudo-atomic-value>
      </x:result>
      <x:test successful="false">
         <x:label>[Result] in the failure report HTML must wrap element and string separately</x:label>
         <x:expect test="false()" select="()"/>
      </x:test>
   </x:scenario>
</x:report>
