<?xml version="1.0" encoding="UTF-8"?>
<?xml-stylesheet type="text/xsl" href="../../../../../src/reporter/format-xspec-report.xsl"?>
<x:report xmlns:x="http://www.jenitennison.com/xslt/xspec"
          date="2000-01-01T00:00:00Z"
          query="x-urn:test:do-nothing"
          query-at="../../../../do-nothing.xquery"
          xspec="../../xspec-450-451.xspec">
   <x:scenario>
      <x:label>function-param containing curly brackets</x:label>
      <x:call function="one-or-more">
         <x:param>}{<elem attr="}{">}{</elem>
         </x:param>
      </x:call>
      <x:result select="/node()">}{<elem attr="}{">}{</elem>
      </x:result>
      <x:test successful="true">
         <x:label>should work</x:label>
         <x:expect select="/node()">}{<elem attr="}{">}{</elem>
         </x:expect>
      </x:test>
   </x:scenario>
   <x:scenario>
      <x:label>global-param containing curly brackets</x:label>
      <x:call function="false"/>
      <x:result select="xs:boolean('false')"/>
      <x:test successful="true">
         <x:label>should work</x:label>
         <x:result select="/node()">}{<elem attr="}{">}{</elem>
         </x:result>
         <x:expect test="$global-param treat as node()+" select="/node()">}{<elem attr="}{">}{</elem>
         </x:expect>
      </x:test>
   </x:scenario>
   <x:scenario>
      <x:label>assertion containing curly brackets</x:label>
      <x:call function="one-or-more">
         <x:param href="../../xspec-450-451.xml" select="wrap/node() treat as node()+"/>
      </x:call>
      <x:result select="/node()">}{<elem attr="}{">}{</elem>
      </x:result>
      <x:test successful="true">
         <x:label>should work</x:label>
         <x:expect select="/node()">}{<elem attr="}{">}{</elem>
         </x:expect>
      </x:test>
   </x:scenario>
</x:report>
