<?xml version="1.0" encoding="UTF-8"?><html xmlns="http://www.w3.org/1999/xhtml">
   <head>
      <meta http-equiv="Content-Type" content="text/html; charset=UTF-8" />
      <title>Test Report for x-urn:test:do-nothing (passed: 5 / pending: 0 / failed: 5 / total:
         10)
      </title>
      <link rel="stylesheet" type="text/css" href="../../../../../src/reporter/test-report.css" />
   </head>
   <body>
      <h1>Test Report</h1>
      <p>Query: x-urn:test:do-nothing</p>
      <p>Query-at: <a href="../../../../do-nothing.xquery">do-nothing.xquery</a></p>
      <p>XSpec: <a href="../../xspec-ambiguous-expect.xspec">xspec-ambiguous-expect.xspec</a></p>
      <p>Tested: 1 January 2000 at 00:00</p>
      <h2>Contents</h2>
      <table class="xspec">
         <col width="75%" />
         <col width="6.25%" />
         <col width="6.25%" />
         <col width="6.25%" />
         <col width="6.25%" />
         <thead>
            <tr>
               <th></th>
               <th class="totals">passed: 5</th>
               <th class="totals">pending: 0</th>
               <th class="totals">failed: 5</th>
               <th class="totals">total: 10</th>
            </tr>
         </thead>
         <tbody>
            <tr class="failed">
               <th><a href="#ELEM-55">Scenario for verifying that boolean @test precedes @href</a></th>
               <th class="totals">1</th>
               <th class="totals">0</th>
               <th class="totals">1</th>
               <th class="totals">2</th>
            </tr>
            <tr class="failed">
               <th><a href="#ELEM-94">Scenario for verifying that boolean @test precedes @select</a></th>
               <th class="totals">1</th>
               <th class="totals">0</th>
               <th class="totals">1</th>
               <th class="totals">2</th>
            </tr>
            <tr class="failed">
               <th><a href="#ELEM-130">Scenario for verifying that boolean @test precedes child node</a></th>
               <th class="totals">1</th>
               <th class="totals">0</th>
               <th class="totals">1</th>
               <th class="totals">2</th>
            </tr>
            <tr class="failed">
               <th><a href="#ELEM-169">Scenario for verifying that boolean @test precedes empty sequence (no @href, @select
                     or child node)</a></th>
               <th class="totals">2</th>
               <th class="totals">0</th>
               <th class="totals">2</th>
               <th class="totals">4</th>
            </tr>
         </tbody>
      </table>
      <div id="ELEM-55">
         <h2 class="successful">Scenario for verifying that boolean @test precedes @href<span class="scenario-totals">passed: 1 / pending: 0 / failed: 1 / total: 2</span></h2>
         <table class="xspec" id="ELEM-57">
            <col width="75%" />
            <col width="25%" />
            <tbody>
               <tr class="successful">
                  <th>Scenario for verifying that boolean @test precedes @href</th>
                  <th>passed: 1 / pending: 0 / failed: 1 / total: 2</th>
               </tr>
               <tr class="failed">
                  <th><a href="#ELEM-75">When function returns true,</a></th>
                  <th>passed: 1 / pending: 0 / failed: 1 / total: 2</th>
               </tr>
               <tr class="failed">
                  <td><a href="#ELEM-76">Expecting document node via @href should be Failure</a></td>
                  <td>Failure</td>
               </tr>
               <tr class="successful">
                  <td>Expecting document node via @href along with @test=$x:result should be Success</td>
                  <td>Success</td>
               </tr>
            </tbody>
         </table>
         <div id="ELEM-75">
            <h3>Scenario for verifying that boolean @test precedes @href When function returns true,</h3>
            <div id="ELEM-76">
               <h4>Expecting document node via @href should be Failure</h4>
               <table class="xspecResult">
                  <thead>
                     <tr>
                        <th>Result</th>
                        <th>Expected Result</th>
                     </tr>
                  </thead>
                  <tbody>
                     <tr>
                        <td><pre>xs:boolean('true')</pre></td>
                        <td>
                           <p>XPath <code>/self::document-node()</code> from:
                           </p><pre>&lt;<span class="diff">foo</span> /&gt;</pre></td>
                     </tr>
                  </tbody>
               </table>
            </div>
         </div>
      </div>
      <div id="ELEM-94">
         <h2 class="successful">Scenario for verifying that boolean @test precedes @select<span class="scenario-totals">passed: 1 / pending: 0 / failed: 1 / total: 2</span></h2>
         <table class="xspec" id="ELEM-96">
            <col width="75%" />
            <col width="25%" />
            <tbody>
               <tr class="successful">
                  <th>Scenario for verifying that boolean @test precedes @select</th>
                  <th>passed: 1 / pending: 0 / failed: 1 / total: 2</th>
               </tr>
               <tr class="failed">
                  <th><a href="#ELEM-114">When function returns false,</a></th>
                  <th>passed: 1 / pending: 0 / failed: 1 / total: 2</th>
               </tr>
               <tr class="successful">
                  <td>Expecting false via @select should be Success</td>
                  <td>Success</td>
               </tr>
               <tr class="failed">
                  <td><a href="#ELEM-115">Expecting false via @select along with @test=$x:result should be Failure</a></td>
                  <td>Failure</td>
               </tr>
            </tbody>
         </table>
         <div id="ELEM-114">
            <h3>Scenario for verifying that boolean @test precedes @select When function returns false,</h3>
            <div id="ELEM-115">
               <h4>Expecting false via @select along with @test=$x:result should be Failure</h4>
               <table class="xspecResult">
                  <thead>
                     <tr>
                        <th>Result</th>
                        <th>Expecting</th>
                     </tr>
                  </thead>
                  <tbody>
                     <tr>
                        <td><pre>xs:boolean('false')</pre></td>
                        <td><pre>$x:result treat as xs:boolean</pre></td>
                     </tr>
                  </tbody>
               </table>
            </div>
         </div>
      </div>
      <div id="ELEM-130">
         <h2 class="successful">Scenario for verifying that boolean @test precedes child node<span class="scenario-totals">passed: 1 / pending: 0 / failed: 1 / total: 2</span></h2>
         <table class="xspec" id="ELEM-132">
            <col width="75%" />
            <col width="25%" />
            <tbody>
               <tr class="successful">
                  <th>Scenario for verifying that boolean @test precedes child node</th>
                  <th>passed: 1 / pending: 0 / failed: 1 / total: 2</th>
               </tr>
               <tr class="failed">
                  <th><a href="#ELEM-150">When function returns true,</a></th>
                  <th>passed: 1 / pending: 0 / failed: 1 / total: 2</th>
               </tr>
               <tr class="failed">
                  <td><a href="#ELEM-151">Expecting element(foo) via child node should be Failure</a></td>
                  <td>Failure</td>
               </tr>
               <tr class="successful">
                  <td>Expecting element(foo) via child node along with @test=$x:result should be Success</td>
                  <td>Success</td>
               </tr>
            </tbody>
         </table>
         <div id="ELEM-150">
            <h3>Scenario for verifying that boolean @test precedes child node When function returns
               true,
            </h3>
            <div id="ELEM-151">
               <h4>Expecting element(foo) via child node should be Failure</h4>
               <table class="xspecResult">
                  <thead>
                     <tr>
                        <th>Result</th>
                        <th>Expected Result</th>
                     </tr>
                  </thead>
                  <tbody>
                     <tr>
                        <td><pre>xs:boolean('true')</pre></td>
                        <td>
                           <p>XPath <code>/element()</code> from:
                           </p><pre>&lt;<span class="diff">foo</span> /&gt;</pre></td>
                     </tr>
                  </tbody>
               </table>
            </div>
         </div>
      </div>
      <div id="ELEM-169">
         <h2 class="successful">Scenario for verifying that boolean @test precedes empty sequence (no @href, @select
            or child node)<span class="scenario-totals">passed: 2 / pending: 0 / failed: 2 / total: 4</span></h2>
         <table class="xspec" id="ELEM-171">
            <col width="75%" />
            <col width="25%" />
            <tbody>
               <tr class="successful">
                  <th>Scenario for verifying that boolean @test precedes empty sequence (no @href, @select
                     or child node)
                  </th>
                  <th>passed: 2 / pending: 0 / failed: 2 / total: 4</th>
               </tr>
               <tr class="failed">
                  <th><a href="#ELEM-196">When function returns true,</a></th>
                  <th>passed: 2 / pending: 0 / failed: 2 / total: 4</th>
               </tr>
               <tr class="failed">
                  <td><a href="#ELEM-197">Expecting empty sequence (no @href, @select or child node) should be Failure</a></td>
                  <td>Failure</td>
               </tr>
               <tr class="failed">
                  <td><a href="#ELEM-210">Ditto using x:label</a></td>
                  <td>Failure</td>
               </tr>
               <tr class="successful">
                  <td>Expecting empty sequence (no @href, @select or child node) along with @test=$x:result
                     should be Success
                  </td>
                  <td>Success</td>
               </tr>
               <tr class="successful">
                  <td>Ditto using x:label</td>
                  <td>Success</td>
               </tr>
            </tbody>
         </table>
         <div id="ELEM-196">
            <h3>Scenario for verifying that boolean @test precedes empty sequence (no @href, @select
               or child node) When function returns true,
            </h3>
            <div id="ELEM-197">
               <h4>Expecting empty sequence (no @href, @select or child node) should be Failure</h4>
               <table class="xspecResult">
                  <thead>
                     <tr>
                        <th>Result</th>
                        <th>Expected Result</th>
                     </tr>
                  </thead>
                  <tbody>
                     <tr>
                        <td><pre>xs:boolean('true')</pre></td>
                        <td><pre>()</pre></td>
                     </tr>
                  </tbody>
               </table>
            </div>
            <div id="ELEM-210">
               <h4>Ditto using x:label</h4>
               <table class="xspecResult">
                  <thead>
                     <tr>
                        <th>Result</th>
                        <th>Expected Result</th>
                     </tr>
                  </thead>
                  <tbody>
                     <tr>
                        <td><pre>xs:boolean('true')</pre></td>
                        <td><pre>()</pre></td>
                     </tr>
                  </tbody>
               </table>
            </div>
         </div>
      </div>
   </body>
</html>