<?xml version="1.0" encoding="UTF-8"?>
<?xml-stylesheet type="text/xsl" href="../../../../../src/reporter/format-xspec-report.xsl"?>
<x:report xmlns:x="http://www.jenitennison.com/xslt/xspec"
          date="2000-01-01T00:00:00Z"
          query="x-urn:test:do-nothing"
          query-at="../../../../do-nothing.xquery"
          xspec="../../xspec-448.xspec">
   <x:scenario>
      <x:label>x:scenario/</x:label>
      <x:result select="()"/>
      <x:scenario>
         <x:label>x:label containing }{ should not affect test</x:label>
         <x:call function="false"/>
         <x:result select="xs:boolean('false')"/>
         <x:test successful="true">
            <x:label>(This x:expect doesn't matter)</x:label>
            <x:expect select="xs:boolean('false')"/>
         </x:test>
      </x:scenario>
      <x:scenario>
         <x:label>@label containing }{ should not affect test</x:label>
         <x:call function="false"/>
         <x:result select="xs:boolean('false')"/>
         <x:test successful="true">
            <x:label>(This x:expect doesn't matter)</x:label>
            <x:expect select="xs:boolean('false')"/>
         </x:test>
      </x:scenario>
   </x:scenario>
</x:report>
