<?xml version="1.0" encoding="UTF-8"?>
<trace xspec="../../coverage-statistics.xspec">
   <compiled uri="coverage-statistics-compiled.xsl"/>
   <module moduleId="0" uri="../../coverage-statistics.xsl"/>
   <traceable traceableId="0"
              class="net.sf.saxon.expr.instruct.NamedTemplate"
              uqname="Q{http://www.w3.org/1999/XSL/Transform}template"/>
   <hit lineNumber="10" columnNumber="35" moduleId="0" traceableId="0"/>
   <traceable traceableId="1" class="net.sf.saxon.expr.instruct.Block"/>
   <hit lineNumber="11" columnNumber="49" moduleId="0" traceableId="1"/>
   <traceable traceableId="2"
              class="net.sf.saxon.expr.instruct.LocalParam"
              uqname="Q{http://www.w3.org/1999/XSL/Transform}param"/>
   <hit lineNumber="11" columnNumber="49" moduleId="0" traceableId="2"/>
   <traceable traceableId="3"
              class="net.sf.saxon.expr.instruct.Choose"
              uqname="Q{http://www.w3.org/1999/XSL/Transform}if"/>
   <hit lineNumber="14" columnNumber="51" moduleId="0" traceableId="3"/>
   <module moduleId="1" uri="../../coverage-statisticsA.xsl"/>
   <traceable traceableId="4"
              class="net.sf.saxon.expr.instruct.UserFunction"
              uqname="Q{http://www.w3.org/1999/XSL/Transform}function"/>
   <hit lineNumber="7" columnNumber="55" moduleId="1" traceableId="4"/>
   <hit lineNumber="10" columnNumber="33" moduleId="1" traceableId="1"/>
   <hit lineNumber="10" columnNumber="33" moduleId="1" traceableId="3"/>
   <traceable traceableId="5" class="net.sf.saxon.expr.ArithmeticExpression"/>
   <hit lineNumber="14" columnNumber="42" moduleId="1" traceableId="5"/>
   <traceable traceableId="6" class="net.sf.saxon.expr.instruct.FixedElement"/>
   <hit lineNumber="15" columnNumber="15" moduleId="0" traceableId="6"/>
   <traceable traceableId="7"
              class="net.sf.saxon.expr.instruct.ValueOf"
              uqname="Q{http://www.w3.org/1999/XSL/Transform}text"/>
   <hit lineNumber="15" columnNumber="15" moduleId="0" traceableId="7"/>
   <hit lineNumber="18" columnNumber="35" moduleId="0" traceableId="3"/>
   <hit lineNumber="22" columnNumber="35" moduleId="0" traceableId="3"/>
   <util utilId="0" uri="../../../../../src/common/report-sequence.xsl"/>
   <util utilId="1" uri="../../../../../src/common/common-utils.xsl"/>
   <util utilId="2" uri="../../../../../src/common/deep-equal.xsl"/>
   <hit lineNumber="10" columnNumber="35" moduleId="0" traceableId="0"/>
   <hit lineNumber="11" columnNumber="49" moduleId="0" traceableId="1"/>
   <hit lineNumber="11" columnNumber="49" moduleId="0" traceableId="2"/>
   <hit lineNumber="14" columnNumber="51" moduleId="0" traceableId="3"/>
   <hit lineNumber="7" columnNumber="55" moduleId="1" traceableId="4"/>
   <hit lineNumber="10" columnNumber="33" moduleId="1" traceableId="1"/>
   <hit lineNumber="10" columnNumber="33" moduleId="1" traceableId="3"/>
   <hit lineNumber="14" columnNumber="42" moduleId="1" traceableId="5"/>
   <hit lineNumber="18" columnNumber="35" moduleId="0" traceableId="3"/>
   <hit lineNumber="22" columnNumber="35" moduleId="0" traceableId="3"/>
   <hit lineNumber="23" columnNumber="14" moduleId="0" traceableId="1"/>
   <hit lineNumber="23" columnNumber="14" moduleId="0" traceableId="6"/>
   <hit lineNumber="23" columnNumber="14" moduleId="0" traceableId="7"/>
   <hit lineNumber="24" columnNumber="15" moduleId="0" traceableId="6"/>
   <hit lineNumber="24" columnNumber="15" moduleId="0" traceableId="7"/>
   <util utilId="3" uri="../../../../../src/common/wrap.xsl"/>
</trace>
