<?xml version="1.0" encoding="UTF-8"?>
<trace xspec="../../external_xsl-global-context-item-01.xspec">
   <compiled uri="external_xsl-global-context-item-01-compiled.xsl"/>
   <module moduleId="0" uri="../../external_xsl-global-context-item-01.xsl"/>
   <traceable traceableId="0"
              class="net.sf.saxon.expr.instruct.TemplateRule"
              uqname="Q{http://www.w3.org/1999/XSL/Transform}template"/>
   <hit lineNumber="10" columnNumber="49" moduleId="0" traceableId="0"/>
   <traceable traceableId="1" class="net.sf.saxon.expr.instruct.FixedElement"/>
   <hit lineNumber="11" columnNumber="11" moduleId="0" traceableId="1"/>
   <hit lineNumber="12" columnNumber="40" moduleId="0" traceableId="1"/>
   <traceable traceableId="2"
              class="net.sf.saxon.expr.instruct.FixedAttribute"
              uqname="Q{http://www.w3.org/1999/XSL/Transform}attribute"/>
   <hit lineNumber="12" columnNumber="40" moduleId="0" traceableId="2"/>
   <traceable traceableId="3"
              class="net.sf.saxon.expr.instruct.ValueOf"
              uqname="Q{http://www.w3.org/1999/XSL/Transform}value-of"/>
   <hit lineNumber="13" columnNumber="50" moduleId="0" traceableId="3"/>
   <traceable traceableId="4"
              class="net.sf.saxon.expr.instruct.GlobalVariable"
              uqname="Q{http://www.w3.org/1999/XSL/Transform}variable"/>
   <hit lineNumber="8" columnNumber="52" moduleId="0" traceableId="4"/>
   <util utilId="0" uri="../../../../../src/common/report-sequence.xsl"/>
   <util utilId="1" uri="../../../../../src/common/common-utils.xsl"/>
   <util utilId="2" uri="../../../../../src/common/deep-equal.xsl"/>
</trace>
