<?xml version="1.0" encoding="UTF-8"?><html xmlns="http://www.w3.org/1999/xhtml">
   <head>
      <meta http-equiv="Content-Type" content="text/html; charset=UTF-8" />
      <title>Test Coverage Report for issue-1411_complex-2.xsl</title>
      <link rel="stylesheet" type="text/css" href="../../../../../src/reporter/test-report-colors-blackwhite.css" />
      <link rel="stylesheet" type="text/css" href="../../../../../src/reporter/test-report-base.css" />
   </head>
   <body id="coverageReport">
      <h1>Test Coverage Report</h1>
      <div class="byline">Generated by XSpec vx.y.z using Saxon HE x.y</div>
      <p>Stylesheet:  <a href="../../issue-1411_complex-2.xsl">issue-1411_complex-2.xsl</a></p>
      <p>XSpec: <a href="../../issue-1411_complex-2.xspec">issue-1411_complex-2.xspec</a></p>
      <p>Tested: 1 January 2000 at 00:00</p>
      <h2>Contents</h2>
      <table class="xspec">
         <colgroup>
            <col style="width:68.75%" />
            <col style="width:6.25%" />
            <col style="width:6.25%" />
            <col style="width:6.25%" />
            <col style="width:6.25%" />
            <col style="width:6.25%" />
         </colgroup>
         <thead>
            <tr>
               <th></th>
               <th></th>
               <th colspan="3" class="totals nodesHead">nodes</th>
               <th></th>
            </tr>
            <tr>
               <th></th>
               <th class="totals">used</th>
               <th class="totals">hit<br />3</th>
               <th class="totals emphasis">missed<br />0</th>
               <th class="totals">unknown<br />0</th>
               <th class="totals">lines<br />18</th>
            </tr>
         </thead>
         <tbody>
            <tr class="successful">
               <th><a href="#module1">issue-1411_complex-2.xsl</a></th>
               <th class="totals">yes</th>
               <th class="totals">3</th>
               <th class="totals">0</th>
               <th class="totals">0</th>
               <th class="totals">18</th>
            </tr>
         </tbody>
      </table>
      <div id="module1">
         <h2 class="successful">module: issue-1411_complex-2.xsl<span class="scenario-totals">hit: 3 / missed: 0 / unknown: 0</span></h2>
         <pre class="xspecCoverage">01: <span class="ignored">&lt;?xml version="1.0" encoding="UTF-8"?&gt;</span>
02: <span class="ignored">&lt;!DOCTYPE xsl:stylesheet [</span>
03: 
04: <span class="ignored">&lt;!-- Taken from https://www.w3.org/TR/xml/#sec-entexpand --&gt;</span>
05: 
06: <span class="ignored">&lt;!ENTITY % xx '&amp;#37;zz;'&gt;</span>
07: <span class="ignored">&lt;!ENTITY % zz '&amp;#60;!ENTITY tricky "error-prone" &gt;' &gt;</span>
08: <span class="ignored">%xx;</span>
09: 
10: <span class="ignored">]&gt;</span>
11: <span class="ignored">&lt;xsl:stylesheet xmlns:xsl="http://www.w3.org/1999/XSL/Transform"</span>
12: <span class="ignored">                version="3.0"&gt;</span>
13: 
14: <span class="whitespace">   </span><span class="hit">&lt;xsl:template match="dummy" as="element(dummy)"&gt;</span>
15: <span class="whitespace">      </span><span class="hit">&lt;dummy&gt;</span><span class="hit">&amp;tricky;</span><span class="hit">&lt;/dummy&gt;</span>
16: <span class="whitespace">   </span><span class="hit">&lt;/xsl:template&gt;</span>
17: 
18: <span class="ignored">&lt;/xsl:stylesheet&gt;</span></pre>
      </div>
   </body>
</html>