<?xml version="1.0" encoding="UTF-8"?><html xmlns="http://www.w3.org/1999/xhtml">
   <head>
      <meta http-equiv="Content-Type" content="text/html; charset=UTF-8" />
      <title>Test Coverage Report for non-xsl-top-level-element-01.xsl</title>
      <link rel="stylesheet" type="text/css" href="../../../../../src/reporter/test-report-colors-classic.css" />
      <link rel="stylesheet" type="text/css" href="../../../../../src/reporter/test-report-base.css" />
   </head>
   <body>
      <h1>Test Coverage Report</h1>
      <p>Stylesheet:  <a href="../../non-xsl-top-level-element-01.xsl">non-xsl-top-level-element-01.xsl</a></p>
      <h2>module: non-xsl-top-level-element-01.xsl; 44 lines</h2>
      <pre class="xspecCoverage">01: <span class="ignored">&lt;?xml version="1.0" encoding="UTF-8"?&gt;</span>
02: <span class="ignored">&lt;xsl:stylesheet xmlns:xsl="http://www.w3.org/1999/XSL/Transform" version="3.0"&gt;</span>
03: <span class="whitespace">  </span><span class="comment">&lt;!--</span>
04: <span class="comment">      Coverage Test Case for non-XSLT child of xsl:stylesheet</span>
05: <span class="comment">  --&gt;</span>
06: <span class="whitespace">  </span><span class="ignored">&lt;xsl:import href="non-xsl-top-level-element-01A.xsl"/&gt;</span><span class="whitespace">                       </span><span class="comment">&lt;!-- Expected ignored --&gt;</span>
07: <span class="whitespace">  </span><span class="hit">&lt;xsl:template match="non-xsl-top-level-element"&gt;</span>
08: <span class="whitespace">    </span><span class="hit">&lt;root&gt;</span>
09: <span class="whitespace">      </span><span class="hit">&lt;xsl:copy&gt;</span>
10: <span class="whitespace">        </span><span class="hit">&lt;xsl:text&gt;</span><span class="hit">Child of xsl:stylesheet</span><span class="hit">&lt;/xsl:text&gt;</span>
11: <span class="whitespace">      </span><span class="hit">&lt;/xsl:copy&gt;</span>
12: <span class="whitespace">      </span><span class="hit">&lt;xsl:apply-imports/&gt;</span>
13: <span class="whitespace">    </span><span class="hit">&lt;/root&gt;</span>
14: <span class="whitespace">  </span><span class="hit">&lt;/xsl:template&gt;</span>
15: 
16: <span class="whitespace">  </span><span class="comment">&lt;!-- The non-XSLT element in the template should be missed, not ignored. --&gt;</span>
17: <span class="whitespace">  </span><span class="missed">&lt;xsl:template name="unhit"&gt;</span><span class="whitespace">                                                  </span><span class="comment">&lt;!-- Expected miss --&gt;</span>
18: <span class="whitespace">    </span><span class="missed">&lt;non-xsl-element/&gt;</span><span class="whitespace">                                                         </span><span class="comment">&lt;!-- Expected miss --&gt;</span>
19: <span class="whitespace">  </span><span class="missed">&lt;/xsl:template&gt;</span><span class="whitespace">                                                              </span><span class="comment">&lt;!-- Expected miss --&gt;</span>
20: 
21: <span class="whitespace">  </span><span class="ignored">&lt;doc:template name="non-xsl-top-level-element" xmlns:doc="NotXSLTNamespace"&gt;</span><span class="whitespace"> </span><span class="comment">&lt;!-- Expected ignored --&gt;</span>
22: <span class="whitespace">    </span><span class="ignored">&lt;xsl:text&gt;</span><span class="ignored">Ignored</span><span class="ignored">&lt;/xsl:text&gt;</span><span class="whitespace">                                               </span><span class="comment">&lt;!-- Expected ignored --&gt;</span>
23: <span class="whitespace">    </span><span class="ignored">&lt;doc:para&gt;</span><span class="ignored">Top-level element is not in namespace</span>
24: <span class="ignored">      </span><span class="ignored">&lt;doc:uri&gt;</span><span class="ignored">http://www.w3.org/1999/XSL/Transform</span><span class="ignored">&lt;/doc:uri&gt;</span><span class="ignored">&lt;/doc:para&gt;</span><span class="whitespace">       </span><span class="comment">&lt;!-- Expected ignored --&gt;</span>
25: <span class="whitespace">  </span><span class="ignored">&lt;/doc:template&gt;</span><span class="whitespace">                                                              </span><span class="comment">&lt;!-- Expected ignored --&gt;</span>
26: 
27: <span class="whitespace">  </span><span class="ignored">&lt;xsl:template name="non-xsl-top-level-element" xmlns:xsl="NotXSLTNamespace"&gt;</span><span class="whitespace"> </span><span class="comment">&lt;!-- Expected ignored --&gt;</span>
28: <span class="whitespace">    </span><span class="ignored">&lt;xsl:text</span>
29: <span class="ignored">      xmlns:xsl="http://www.w3.org/1999/XSL/Transform"&gt;</span><span class="ignored">Ignored</span><span class="ignored">&lt;/xsl:text&gt;</span><span class="whitespace">      </span><span class="comment">&lt;!-- Expected ignored --&gt;</span>
30: <span class="whitespace">    </span><span class="ignored">&lt;xsl:para&gt;</span><span class="ignored">Top-level element is not in namespace</span>
31: <span class="ignored">      </span><span class="ignored">&lt;xsl:uri&gt;</span><span class="ignored">http://www.w3.org/1999/XSL/Transform</span><span class="ignored">&lt;/xsl:uri&gt;</span><span class="ignored">&lt;/xsl:para&gt;</span><span class="whitespace">       </span><span class="comment">&lt;!-- Expected ignored --&gt;</span>
32: <span class="whitespace">  </span><span class="ignored">&lt;/xsl:template&gt;</span><span class="whitespace">                                                              </span><span class="comment">&lt;!-- Expected ignored --&gt;</span>
33: 
34: <span class="whitespace">  </span><span class="ignored">&lt;template name="non-xsl-top-level-element" xmlns="NotXSLTNamespace"&gt;</span><span class="whitespace">         </span><span class="comment">&lt;!-- Expected ignored --&gt;</span>
35: <span class="whitespace">    </span><span class="ignored">&lt;xsl:text&gt;</span><span class="ignored">Ignored</span><span class="ignored">&lt;/xsl:text&gt;</span><span class="whitespace">                                               </span><span class="comment">&lt;!-- Expected ignored --&gt;</span>
36: <span class="whitespace">    </span><span class="ignored">&lt;para&gt;</span><span class="ignored">Top-level element is not in namespace</span>
37: <span class="ignored">      </span><span class="ignored">&lt;uri&gt;</span><span class="ignored">http://www.w3.org/1999/XSL/Transform</span><span class="ignored">&lt;/uri&gt;</span><span class="ignored">&lt;/para&gt;</span><span class="whitespace">                   </span><span class="comment">&lt;!-- Expected ignored --&gt;</span>
38: <span class="whitespace">    </span><span class="comment">&lt;!-- Non-XSLT-top-level rule is higher priority than xsl:assert rule --&gt;</span>
39: <span class="whitespace">    </span><span class="ignored">&lt;xsl:assert test="false()"&gt;</span><span class="whitespace">                                                </span><span class="comment">&lt;!-- Expected ignored --&gt;</span>
40: <span class="whitespace">      </span><span class="ignored">&lt;xsl:text&gt;</span><span class="ignored">Ignored, not unknown</span><span class="ignored">&lt;/xsl:text&gt;</span><span class="whitespace">                                </span><span class="comment">&lt;!-- Expected ignored --&gt;</span>
41: <span class="whitespace">    </span><span class="ignored">&lt;/xsl:assert&gt;</span><span class="whitespace">                                                              </span><span class="comment">&lt;!-- Expected ignored --&gt;</span>
42: <span class="whitespace">  </span><span class="ignored">&lt;/template&gt;</span><span class="whitespace">                                                                  </span><span class="comment">&lt;!-- Expected ignored --&gt;</span>
43: 
44: <span class="ignored">&lt;/xsl:stylesheet&gt;</span></pre>
      <h2>module: non-xsl-top-level-element-01A.xsl; 40 lines</h2>
      <pre class="xspecCoverage">01: <span class="ignored">&lt;?xml version="1.0" encoding="UTF-8"?&gt;</span>
02: <span class="ignored">&lt;xsl:transform xmlns:xsl="http://www.w3.org/1999/XSL/Transform" version="3.0"&gt;</span>
03: <span class="whitespace">  </span><span class="comment">&lt;!--</span>
04: <span class="comment">      Coverage Test Case for non-XSLT child of xsl:transform</span>
05: <span class="comment">  --&gt;</span>
06: <span class="whitespace">  </span><span class="hit">&lt;xsl:template match="non-xsl-top-level-element"&gt;</span>
07: <span class="whitespace">    </span><span class="hit">&lt;xsl:copy&gt;</span>
08: <span class="whitespace">      </span><span class="hit">&lt;xsl:text&gt;</span><span class="hit">Child of xsl:transform</span><span class="hit">&lt;/xsl:text&gt;</span>
09: <span class="whitespace">    </span><span class="hit">&lt;/xsl:copy&gt;</span>
10: <span class="whitespace">  </span><span class="hit">&lt;/xsl:template&gt;</span>
11: 
12: <span class="whitespace">  </span><span class="comment">&lt;!-- The non-XSLT element in the template should be missed, not ignored. --&gt;</span>
13: <span class="whitespace">  </span><span class="missed">&lt;xsl:template name="unhit-imported"&gt;</span><span class="whitespace">                                         </span><span class="comment">&lt;!-- Expected miss --&gt;</span>
14: <span class="whitespace">    </span><span class="missed">&lt;non-xsl-element/&gt;</span><span class="whitespace">                                                         </span><span class="comment">&lt;!-- Expected miss --&gt;</span>
15: <span class="whitespace">  </span><span class="missed">&lt;/xsl:template&gt;</span><span class="whitespace">                                                              </span><span class="comment">&lt;!-- Expected miss --&gt;</span>
16: 
17: <span class="whitespace">  </span><span class="ignored">&lt;doc:template name="non-xsl-top-level-element" xmlns:doc="NotXSLTNamespace"&gt;</span><span class="whitespace"> </span><span class="comment">&lt;!-- Expected ignored --&gt;</span>
18: <span class="whitespace">    </span><span class="ignored">&lt;xsl:text&gt;</span><span class="ignored">Ignored</span><span class="ignored">&lt;/xsl:text&gt;</span><span class="whitespace">                                               </span><span class="comment">&lt;!-- Expected ignored --&gt;</span>
19: <span class="whitespace">    </span><span class="ignored">&lt;doc:para&gt;</span><span class="ignored">Top-level element is not in namespace</span>
20: <span class="ignored">      </span><span class="ignored">&lt;doc:uri&gt;</span><span class="ignored">http://www.w3.org/1999/XSL/Transform</span><span class="ignored">&lt;/doc:uri&gt;</span><span class="ignored">&lt;/doc:para&gt;</span><span class="whitespace">       </span><span class="comment">&lt;!-- Expected ignored --&gt;</span>
21: <span class="whitespace">  </span><span class="ignored">&lt;/doc:template&gt;</span><span class="whitespace">                                                              </span><span class="comment">&lt;!-- Expected ignored --&gt;</span>
22: 
23: <span class="whitespace">  </span><span class="ignored">&lt;xsl:template name="non-xsl-top-level-element" xmlns:xsl="NotXSLTNamespace"&gt;</span><span class="whitespace"> </span><span class="comment">&lt;!-- Expected ignored --&gt;</span>
24: <span class="whitespace">    </span><span class="ignored">&lt;xsl:text</span>
25: <span class="ignored">      xmlns:xsl="http://www.w3.org/1999/XSL/Transform"&gt;</span><span class="ignored">Ignored</span><span class="ignored">&lt;/xsl:text&gt;</span><span class="whitespace">      </span><span class="comment">&lt;!-- Expected ignored --&gt;</span>
26: <span class="whitespace">    </span><span class="ignored">&lt;xsl:para&gt;</span><span class="ignored">Top-level element is not in namespace</span>
27: <span class="ignored">      </span><span class="ignored">&lt;xsl:uri&gt;</span><span class="ignored">http://www.w3.org/1999/XSL/Transform</span><span class="ignored">&lt;/xsl:uri&gt;</span><span class="ignored">&lt;/xsl:para&gt;</span><span class="whitespace">       </span><span class="comment">&lt;!-- Expected ignored --&gt;</span>
28: <span class="whitespace">  </span><span class="ignored">&lt;/xsl:template&gt;</span><span class="whitespace">                                                              </span><span class="comment">&lt;!-- Expected ignored --&gt;</span>
29: 
30: <span class="whitespace">  </span><span class="ignored">&lt;template name="non-xsl-top-level-element" xmlns="NotXSLTNamespace"&gt;</span><span class="whitespace">         </span><span class="comment">&lt;!-- Expected ignored --&gt;</span>
31: <span class="whitespace">    </span><span class="ignored">&lt;xsl:text&gt;</span><span class="ignored">Ignored</span><span class="ignored">&lt;/xsl:text&gt;</span><span class="whitespace">                                               </span><span class="comment">&lt;!-- Expected ignored --&gt;</span>
32: <span class="whitespace">    </span><span class="ignored">&lt;para&gt;</span><span class="ignored">Top-level element is not in namespace</span>
33: <span class="ignored">      </span><span class="ignored">&lt;uri&gt;</span><span class="ignored">http://www.w3.org/1999/XSL/Transform</span><span class="ignored">&lt;/uri&gt;</span><span class="ignored">&lt;/para&gt;</span><span class="whitespace">                   </span><span class="comment">&lt;!-- Expected ignored --&gt;</span>
34: <span class="whitespace">    </span><span class="comment">&lt;!-- Non-XSLT-top-level rule is higher priority than xsl:assert rule --&gt;</span>
35: <span class="whitespace">    </span><span class="ignored">&lt;xsl:assert test="false()"&gt;</span><span class="whitespace">                                                </span><span class="comment">&lt;!-- Expected ignored --&gt;</span>
36: <span class="whitespace">      </span><span class="ignored">&lt;xsl:text&gt;</span><span class="ignored">Ignored, not unknown</span><span class="ignored">&lt;/xsl:text&gt;</span><span class="whitespace">                                </span><span class="comment">&lt;!-- Expected ignored --&gt;</span>
37: <span class="whitespace">    </span><span class="ignored">&lt;/xsl:assert&gt;</span><span class="whitespace">                                                              </span><span class="comment">&lt;!-- Expected ignored --&gt;</span>
38: <span class="whitespace">  </span><span class="ignored">&lt;/template&gt;</span><span class="whitespace">                                                                  </span><span class="comment">&lt;!-- Expected ignored --&gt;</span>
39: 
40: <span class="ignored">&lt;/xsl:transform&gt;</span></pre>
   </body>
</html>