<?xml version="1.0" encoding="UTF-8"?><html xmlns="http://www.w3.org/1999/xhtml">
   <head>
      <meta http-equiv="Content-Type" content="text/html; charset=UTF-8" />
      <title>Test Coverage Report for xsl-try-01.xsl</title>
      <link rel="stylesheet" type="text/css" href="../../../../../src/reporter/test-report-colors-blackwhite.css" />
      <link rel="stylesheet" type="text/css" href="../../../../../src/reporter/test-report-base.css" />
   </head>
   <body id="coverageReport">
      <h1>Test Coverage Report</h1>
      <div class="byline">Generated by XSpec vx.y.z using Saxon HE x.y</div>
      <p>Stylesheet:  <a href="../../xsl-try-01.xsl">xsl-try-01.xsl</a></p>
      <p>XSpec: <a href="../../xsl-try-01.xspec">xsl-try-01.xspec</a></p>
      <p>Tested: 1 January 2000 at 00:00</p>
      <h2>Contents</h2>
      <table class="xspec">
         <colgroup>
            <col style="width:68.75%" />
            <col style="width:6.25%" />
            <col style="width:6.25%" />
            <col style="width:6.25%" />
            <col style="width:6.25%" />
            <col style="width:6.25%" />
         </colgroup>
         <thead>
            <tr>
               <th></th>
               <th></th>
               <th colspan="3" class="totals nodesHead">nodes</th>
               <th></th>
            </tr>
            <tr>
               <th></th>
               <th class="totals">used</th>
               <th class="totals">hit<br />33</th>
               <th class="totals emphasis">missed<br />27</th>
               <th class="totals">unknown<br />10</th>
               <th class="totals">lines<br />109</th>
            </tr>
         </thead>
         <tbody>
            <tr class="successful">
               <th><a href="#module1">xsl-try-01.xsl</a></th>
               <th class="totals">yes</th>
               <th class="totals">33</th>
               <th class="totals">27</th>
               <th class="totals">10</th>
               <th class="totals">109</th>
            </tr>
         </tbody>
      </table>
      <div id="module1">
         <h2 class="successful">module: xsl-try-01.xsl<span class="scenario-totals">hit: 33 / missed: 27 / unknown: 10</span></h2>
         <pre class="xspecCoverage">001: <span class="ignored">&lt;?xml version="1.0" encoding="UTF-8"?&gt;</span>
002: <span class="ignored">&lt;xsl:stylesheet xmlns:xsl="http://www.w3.org/1999/XSL/Transform" version="3.0"</span>
003: <span class="ignored">                xmlns:err="http://www.w3.org/2005/xqt-errors"&gt;</span>
004: <span class="whitespace">  </span><span class="comment">&lt;!--</span>
005: <span class="comment">      xsl:try Coverage Test Case (includes xsl:catch)</span>
006: <span class="comment">  --&gt;</span>
007: <span class="whitespace">  </span><span class="hit">&lt;xsl:template match="xsl-try"&gt;</span>
008: <span class="whitespace">    </span><span class="hit">&lt;root&gt;</span>
009: <span class="whitespace">      </span><span class="comment">&lt;!-- Using xsl:try select attribute - xsl:catch not executed--&gt;</span>
010: <span class="whitespace">      </span><span class="hit">&lt;node type="try"&gt;</span>
011: <span class="whitespace">        </span><span class="hit">&lt;xsl:try select="string(100)"&gt;</span>
012: <span class="whitespace">          </span><span class="unknown">&lt;xsl:catch select="'inside xsl:catch'" /&gt;</span><span class="whitespace">                            </span><span class="comment">&lt;!-- Expected unknown --&gt;</span>
013: <span class="whitespace">        </span><span class="hit">&lt;/xsl:try&gt;</span>
014: <span class="whitespace">      </span><span class="hit">&lt;/node&gt;</span>
015: <span class="whitespace">      </span><span class="comment">&lt;!-- Using xsl:try sequence constructor - xsl:catch not executed --&gt;</span>
016: <span class="whitespace">      </span><span class="hit">&lt;node type="try"&gt;</span>
017: <span class="whitespace">        </span><span class="hit">&lt;xsl:try&gt;</span>
018: <span class="whitespace">          </span><span class="hit">&lt;xsl:text&gt;</span><span class="hit">200</span><span class="hit">&lt;/xsl:text&gt;</span>
019: <span class="whitespace">          </span><span class="unknown">&lt;xsl:catch /&gt;</span><span class="whitespace">                                                        </span><span class="comment">&lt;!-- Expected unknown --&gt;</span>
020: <span class="whitespace">        </span><span class="hit">&lt;/xsl:try&gt;</span>
021: <span class="whitespace">      </span><span class="hit">&lt;/node&gt;</span>
022: <span class="whitespace">      </span><span class="comment">&lt;!-- Using xsl:try select attribute - xsl:catch select attribute executed--&gt;</span>
023: <span class="whitespace">      </span><span class="hit">&lt;node type="try/catch"&gt;</span>
024: <span class="whitespace">        </span><span class="hit">&lt;xsl:try select="error()"&gt;</span>
025: <span class="whitespace">          </span><span class="unknown">&lt;xsl:catch select="string(300)" /&gt;</span><span class="whitespace">                                   </span><span class="comment">&lt;!-- Expected unknown --&gt;</span>
026: <span class="whitespace">        </span><span class="hit">&lt;/xsl:try&gt;</span>
027: <span class="whitespace">      </span><span class="hit">&lt;/node&gt;</span>
028: <span class="whitespace">      </span><span class="comment">&lt;!-- Using xsl:try select attribute - xsl:catch executed but no-op--&gt;</span>
029: <span class="whitespace">      </span><span class="hit">&lt;node type="try/catch"&gt;</span>
030: <span class="whitespace">        </span><span class="hit">&lt;xsl:try select="error()"&gt;</span>
031: <span class="whitespace">          </span><span class="unknown">&lt;xsl:catch /&gt;</span><span class="whitespace">                                                        </span><span class="comment">&lt;!-- Expected unknown --&gt;</span>
032: <span class="whitespace">        </span><span class="hit">&lt;/xsl:try&gt;</span>
033: <span class="whitespace">      </span><span class="hit">&lt;/node&gt;</span>
034: <span class="whitespace">      </span><span class="comment">&lt;!-- Using xsl:try sequence constructor - second xsl:catch sequence constructor executed--&gt;</span>
035: <span class="whitespace">      </span><span class="hit">&lt;node type="try/catch"&gt;</span>
036: <span class="whitespace">        </span><span class="hit">&lt;xsl:try&gt;</span>
037: <span class="whitespace">          </span><span class="hit">&lt;xsl:value-of select="error()" /&gt;</span>
038: <span class="whitespace">          </span><span class="missed">&lt;xsl:catch errors="err:FOAR0001"&gt;</span><span class="whitespace"> </span><span class="comment">&lt;!-- divide by zero error --&gt;</span><span class="whitespace">      </span><span class="comment">&lt;!-- Expected miss --&gt;</span>
039: <span class="whitespace">            </span><span class="missed">&lt;xsl:text&gt;</span><span class="missed">999</span><span class="missed">&lt;/xsl:text&gt;</span><span class="whitespace">                                           </span><span class="comment">&lt;!-- Expected miss --&gt;</span>
040: <span class="whitespace">          </span><span class="missed">&lt;/xsl:catch&gt;</span><span class="whitespace">                                                         </span><span class="comment">&lt;!-- Expected miss --&gt;</span>
041: <span class="whitespace">          </span><span class="hit">&lt;xsl:catch errors="err:FOER0000"&gt;</span><span class="whitespace"> </span><span class="comment">&lt;!-- error() function error --&gt;</span>
042: <span class="whitespace">            </span><span class="hit">&lt;xsl:text&gt;</span><span class="hit">400</span><span class="hit">&lt;/xsl:text&gt;</span>
043: <span class="whitespace">          </span><span class="hit">&lt;/xsl:catch&gt;</span>
044: <span class="whitespace">          </span><span class="missed">&lt;xsl:catch&gt;</span><span class="whitespace">                                                          </span><span class="comment">&lt;!-- Expected miss --&gt;</span>
045: <span class="whitespace">            </span><span class="missed">&lt;xsl:text&gt;</span><span class="missed">999</span><span class="missed">&lt;/xsl:text&gt;</span><span class="whitespace">                                           </span><span class="comment">&lt;!-- Expected miss --&gt;</span>
046: <span class="whitespace">          </span><span class="missed">&lt;/xsl:catch&gt;</span><span class="whitespace">                                                         </span><span class="comment">&lt;!-- Expected miss --&gt;</span>
047: <span class="whitespace">        </span><span class="hit">&lt;/xsl:try&gt;</span>
048: <span class="whitespace">      </span><span class="hit">&lt;/node&gt;</span>
049: <span class="whitespace">      </span><span class="comment">&lt;!-- Nested try/catch scenario with error re-thrown --&gt;</span>
050: <span class="whitespace">      </span><span class="hit">&lt;node type="try/catch"&gt;</span>
051: <span class="whitespace">        </span><span class="hit">&lt;xsl:try&gt;</span>
052: <span class="whitespace">          </span><span class="hit">&lt;xsl:value-of select="string(999)" /&gt;</span>
053: <span class="whitespace">          </span><span class="hit">&lt;node type="try/catch"&gt;</span>
054: <span class="whitespace">            </span><span class="hit">&lt;xsl:try&gt;</span>
055: <span class="whitespace">              </span><span class="hit">&lt;xsl:value-of select="string(999)" /&gt;</span>
056: <span class="whitespace">              </span><span class="hit">&lt;xsl:value-of select="error()" /&gt;</span>
057: <span class="whitespace">              </span><span class="missed">&lt;xsl:value-of select="string(999)" /&gt;</span><span class="whitespace">                            </span><span class="comment">&lt;!-- Expected miss --&gt;</span>
058: <span class="whitespace">              </span><span class="hit">&lt;xsl:catch errors="err:FOER0000"&gt;</span><span class="whitespace"> </span><span class="comment">&lt;!-- error() function error --&gt;</span>
059: <span class="whitespace">                </span><span class="hit">&lt;xsl:text&gt;</span><span class="hit">999</span><span class="hit">&lt;/xsl:text&gt;</span>
060: <span class="whitespace">                </span><span class="hit">&lt;xsl:value-of select="error()" /&gt;</span><span class="whitespace"> </span><span class="comment">&lt;!-- re-throw the error --&gt;</span>
061: <span class="whitespace">              </span><span class="hit">&lt;/xsl:catch&gt;</span>
062: <span class="whitespace">            </span><span class="hit">&lt;/xsl:try&gt;</span>
063: <span class="whitespace">          </span><span class="hit">&lt;/node&gt;</span>
064: <span class="whitespace">          </span><span class="missed">&lt;xsl:value-of select="error()" /&gt;</span><span class="whitespace">                                    </span><span class="comment">&lt;!-- Expected miss --&gt;</span>
065: <span class="whitespace">          </span><span class="missed">&lt;xsl:value-of select="string(999)" /&gt;</span><span class="whitespace">                                </span><span class="comment">&lt;!-- Expected miss --&gt;</span>
066: <span class="whitespace">          </span><span class="hit">&lt;xsl:catch errors="err:FOER0000"&gt;</span><span class="whitespace"> </span><span class="comment">&lt;!-- error() function error --&gt;</span>
067: <span class="whitespace">            </span><span class="hit">&lt;xsl:text&gt;</span><span class="hit">500</span><span class="hit">&lt;/xsl:text&gt;</span>
068: <span class="whitespace">          </span><span class="hit">&lt;/xsl:catch&gt;</span>
069: <span class="whitespace">          </span><span class="missed">&lt;xsl:catch&gt;</span><span class="whitespace">                                                          </span><span class="comment">&lt;!-- Expected miss --&gt;</span>
070: <span class="whitespace">            </span><span class="missed">&lt;xsl:text&gt;</span><span class="missed">999</span><span class="missed">&lt;/xsl:text&gt;</span><span class="whitespace">                                           </span><span class="comment">&lt;!-- Expected miss --&gt;</span>
071: <span class="whitespace">          </span><span class="missed">&lt;/xsl:catch&gt;</span><span class="whitespace">                                                         </span><span class="comment">&lt;!-- Expected miss --&gt;</span>
072: <span class="whitespace">        </span><span class="hit">&lt;/xsl:try&gt;</span>
073: <span class="whitespace">      </span><span class="hit">&lt;/node&gt;</span>
074: 
075: <span class="whitespace">      </span><span class="comment">&lt;!-- Entire try/catch block not executed --&gt;</span>
076: <span class="whitespace">      </span><span class="hit">&lt;xsl:if test="1 eq 2"&gt;</span>
077: <span class="whitespace">        </span><span class="comment">&lt;!-- Using xsl:try select attribute - not executed --&gt;</span>
078: <span class="whitespace">        </span><span class="missed">&lt;xsl:try select="999"&gt;</span><span class="whitespace">                                               </span><span class="comment">&lt;!-- Expected miss --&gt;</span>
079: <span class="whitespace">          </span><span class="unknown">&lt;xsl:catch&gt;</span><span class="whitespace">                                                        </span><span class="comment">&lt;!-- Expected unknown --&gt;</span>
080: <span class="whitespace">            </span><span class="unknown">&lt;xsl:map-entry key="999" select="()"/&gt;</span><span class="whitespace">                           </span><span class="comment">&lt;!-- Expected unknown --&gt;</span>
081: <span class="whitespace">          </span><span class="unknown">&lt;/xsl:catch&gt;</span><span class="whitespace">                                                       </span><span class="comment">&lt;!-- Expected unknown --&gt;</span>
082: <span class="whitespace">        </span><span class="missed">&lt;/xsl:try&gt;</span><span class="whitespace">                                                           </span><span class="comment">&lt;!-- Expected miss --&gt;</span>
083: <span class="whitespace">        </span><span class="comment">&lt;!-- Using xsl:try sequence constructor - not executed, and xsl:catch has untraceable child --&gt;</span>
084: <span class="whitespace">        </span><span class="missed">&lt;xsl:try&gt;</span><span class="whitespace">                                                            </span><span class="comment">&lt;!-- Expected miss --&gt;</span>
085: <span class="whitespace">          </span><span class="missed">&lt;xsl:text&gt;</span><span class="missed">999</span><span class="missed">&lt;/xsl:text&gt;</span><span class="whitespace">                                           </span><span class="comment">&lt;!-- Expected miss --&gt;</span>
086: <span class="whitespace">          </span><span class="unknown">&lt;xsl:catch&gt;</span><span class="whitespace">                                                        </span><span class="comment">&lt;!-- Expected unknown --&gt;</span>
087: <span class="whitespace">            </span><span class="unknown">&lt;xsl:map-entry key="999" select="()"/&gt;</span><span class="whitespace">                           </span><span class="comment">&lt;!-- Expected unknown --&gt;</span>
088: <span class="whitespace">          </span><span class="unknown">&lt;/xsl:catch&gt;</span><span class="whitespace">                                                       </span><span class="comment">&lt;!-- Expected unknown --&gt;</span>
089: <span class="whitespace">        </span><span class="missed">&lt;/xsl:try&gt;</span><span class="whitespace">                                                           </span><span class="comment">&lt;!-- Expected miss --&gt;</span>
090: <span class="whitespace">        </span><span class="comment">&lt;!-- Using xsl:try sequence constructor - not executed, and xsl:catch has no untraceable children --&gt;</span>
091: <span class="whitespace">        </span><span class="missed">&lt;xsl:try&gt;</span><span class="whitespace">                                                            </span><span class="comment">&lt;!-- Expected miss --&gt;</span>
092: <span class="whitespace">          </span><span class="missed">&lt;xsl:text&gt;</span><span class="missed">999</span><span class="missed">&lt;/xsl:text&gt;</span><span class="whitespace">                                           </span><span class="comment">&lt;!-- Expected miss --&gt;</span>
093: <span class="whitespace">          </span><span class="missed">&lt;xsl:catch&gt;</span><span class="whitespace">                                                        </span><span class="comment">&lt;!-- Expected miss--&gt;</span>
094: <span class="whitespace">            </span><span class="missed">&lt;xsl:text&gt;</span><span class="missed">999</span><span class="missed">&lt;/xsl:text&gt;</span><span class="whitespace">                                         </span><span class="comment">&lt;!-- Expected miss --&gt;</span>
095: <span class="whitespace">          </span><span class="missed">&lt;/xsl:catch&gt;</span><span class="whitespace">                                                       </span><span class="comment">&lt;!-- Expected miss --&gt;</span>
096: <span class="whitespace">        </span><span class="missed">&lt;/xsl:try&gt;</span><span class="whitespace">                                                           </span><span class="comment">&lt;!-- Expected miss --&gt;</span>
097: <span class="whitespace">        </span><span class="comment">&lt;!-- Using xsl:try sequence constructor - not executed, and xsl:try has untraceable child --&gt;</span>
098: <span class="whitespace">        </span><span class="unknown">&lt;xsl:try&gt;</span><span class="whitespace">                                                            </span><span class="comment">&lt;!-- Expected unknown --&gt;</span>
099: <span class="whitespace">          </span><span class="missed">&lt;xsl:text&gt;</span><span class="missed">999</span><span class="missed">&lt;/xsl:text&gt;</span><span class="whitespace">                                           </span><span class="comment">&lt;!-- Expected miss --&gt;</span>
100: <span class="whitespace">          </span><span class="unknown">&lt;xsl:map-entry key="999" select="'try'"/&gt;</span><span class="whitespace">                          </span><span class="comment">&lt;!-- Expected unknown --&gt;</span>
101: <span class="whitespace">          </span><span class="missed">&lt;xsl:catch&gt;</span><span class="whitespace">                                                        </span><span class="comment">&lt;!-- Expected miss --&gt;</span>
102: <span class="whitespace">            </span><span class="missed">&lt;xsl:text&gt;</span><span class="missed">999</span><span class="missed">&lt;/xsl:text&gt;</span><span class="whitespace">                                         </span><span class="comment">&lt;!-- Expected miss --&gt;</span>
103: <span class="whitespace">          </span><span class="missed">&lt;/xsl:catch&gt;</span><span class="whitespace">                                                       </span><span class="comment">&lt;!-- Expected miss --&gt;</span>
104: <span class="whitespace">        </span><span class="unknown">&lt;/xsl:try&gt;</span><span class="whitespace">                                                           </span><span class="comment">&lt;!-- Expected unknown --&gt;</span>
105: <span class="whitespace">      </span><span class="hit">&lt;/xsl:if&gt;</span>
106: 
107: <span class="whitespace">    </span><span class="hit">&lt;/root&gt;</span>
108: <span class="whitespace">  </span><span class="hit">&lt;/xsl:template&gt;</span>
109: <span class="ignored">&lt;/xsl:stylesheet&gt;</span></pre>
      </div>
   </body>
</html>