<?xml version="1.0" encoding="UTF-8"?><html xmlns="http://www.w3.org/1999/xhtml">
   <head>
      <meta http-equiv="Content-Type" content="text/html; charset=UTF-8" />
      <title>Test Coverage Report for xsl-variable-02.xsl</title>
      <link rel="stylesheet" type="text/css" href="../../../../../src/reporter/test-report-colors-blackwhite.css" />
      <link rel="stylesheet" type="text/css" href="../../../../../src/reporter/test-report-base.css" />
   </head>
   <body id="coverageReport">
      <h1>Test Coverage Report</h1>
      <div class="byline">Generated by XSpec vx.y.z using Saxon HE x.y</div>
      <p>Stylesheet:  <a href="../../xsl-variable-02.xsl">xsl-variable-02.xsl</a></p>
      <p>XSpec: <a href="../../xsl-variable-02.xspec">xsl-variable-02.xspec</a></p>
      <p>Tested: 1 January 2000 at 00:00</p>
      <h2>Contents</h2>
      <table class="xspec">
         <colgroup>
            <col style="width:68.75%" />
            <col style="width:6.25%" />
            <col style="width:6.25%" />
            <col style="width:6.25%" />
            <col style="width:6.25%" />
            <col style="width:6.25%" />
         </colgroup>
         <thead>
            <tr>
               <th></th>
               <th></th>
               <th colspan="3" class="totals nodesHead">nodes</th>
               <th></th>
            </tr>
            <tr>
               <th></th>
               <th class="totals">used</th>
               <th class="totals">hit<br />27</th>
               <th class="totals emphasis">missed<br />9</th>
               <th class="totals">unknown<br />0</th>
               <th class="totals">lines<br />67</th>
            </tr>
         </thead>
         <tbody>
            <tr class="successful">
               <th><a href="#module1">xsl-variable-02.xsl</a></th>
               <th class="totals">yes</th>
               <th class="totals">27</th>
               <th class="totals">9</th>
               <th class="totals">0</th>
               <th class="totals">67</th>
            </tr>
         </tbody>
      </table>
      <div id="module1">
         <h2 class="successful">module: xsl-variable-02.xsl<span class="scenario-totals">hit: 27 / missed: 9 / unknown: 0</span></h2>
         <pre class="xspecCoverage">01: <span class="ignored">&lt;?xml version="1.0" encoding="UTF-8"?&gt;</span>
02: <span class="ignored">&lt;xsl:stylesheet xmlns:xsl="http://www.w3.org/1999/XSL/Transform" xmlns:xs="http://www.w3.org/2001/XMLSchema" version="3.0"&gt;</span>
03: <span class="whitespace">  </span><span class="comment">&lt;!--</span>
04: <span class="comment">      xsl:variable Optimization Coverage Test Case</span>
05: <span class="comment">      This test covers the 4 ways xsl:variables are optimized by Saxon:</span>
06: <span class="comment">        Eliminated unused variable (marked as unused)</span>
07: <span class="comment">        Eliminated trivial variable (marked as trivial)</span>
08: <span class="comment">        Inlined constant variable (marked as constant)</span>
09: <span class="comment">        Inlined references to $xxx (marked as inlined)</span>
10: <span class="comment">  --&gt;</span>
11: <span class="whitespace">  </span><span class="hit">&lt;xsl:template match="xsl-variable"&gt;</span>
12: <span class="whitespace">    </span><span class="hit">&lt;root&gt;</span>
13: <span class="whitespace">      </span><span class="comment">&lt;!-- Local variable unused with select attribute --&gt;</span>
14: <span class="whitespace">      </span><span class="missed">&lt;xsl:variable name="unused01" select="string(400)" /&gt;</span><span class="whitespace">                    </span><span class="comment">&lt;!-- Expected miss (optim unused) --&gt;</span>
15: <span class="whitespace">      </span><span class="hit">&lt;node type="variable - unused"&gt;</span>
16: <span class="whitespace">      </span><span class="hit">&lt;/node&gt;</span>
17: <span class="whitespace">      </span><span class="comment">&lt;!-- Local variable unused with sequence constructor --&gt;</span>
18: <span class="whitespace">      </span><span class="missed">&lt;xsl:variable name="unused02"&gt;</span><span class="whitespace">                                           </span><span class="comment">&lt;!-- Expected miss (optim unused) --&gt;</span>
19: <span class="whitespace">        </span><span class="missed">&lt;xsl:value-of select="string(400)" /&gt;</span><span class="whitespace">                                  </span><span class="comment">&lt;!-- Expected miss (optim unused) --&gt;</span>
20: <span class="whitespace">      </span><span class="missed">&lt;/xsl:variable&gt;</span><span class="whitespace">                                                          </span><span class="comment">&lt;!-- Expected miss (optim unused) --&gt;</span>
21: <span class="whitespace">      </span><span class="hit">&lt;node type="variable - unused"&gt;</span>
22: <span class="whitespace">      </span><span class="hit">&lt;/node&gt;</span>
23: <span class="whitespace">      </span><span class="comment">&lt;!-- Local variable trivial with select attribute</span>
24: <span class="comment">           xsl:sequence is needed to make it trivial, xsl:value-of causes inlined --&gt;</span>
25: <span class="whitespace">      </span><span class="hit">&lt;node type="variable - trivial"&gt;</span>
26: <span class="whitespace">        </span><span class="hit">&lt;xsl:variable name="trivial01" select="node * 1" /&gt;</span>
27: <span class="whitespace">        </span><span class="hit">&lt;xsl:sequence select="$trivial01" /&gt;</span>
28: <span class="whitespace">      </span><span class="hit">&lt;/node&gt;</span>
29: <span class="whitespace">      </span><span class="comment">&lt;!-- Local variable trivial with sequence constructor</span>
30: <span class="comment">           xsl:sequence is needed to make it trivial, xsl:value-of causes inlined --&gt;</span>
31: <span class="whitespace">      </span><span class="hit">&lt;node type="variable - trivial"&gt;</span>
32: <span class="whitespace">        </span><span class="hit">&lt;xsl:variable name="trivial02"&gt;</span>
33: <span class="whitespace">          </span><span class="hit">&lt;xsl:text&gt;</span><span class="hit">1</span><span class="hit">&lt;/xsl:text&gt;</span>
34: <span class="whitespace">          </span><span class="hit">&lt;xsl:text&gt;</span><span class="hit">00</span><span class="hit">&lt;/xsl:text&gt;</span>
35: <span class="whitespace">        </span><span class="hit">&lt;/xsl:variable&gt;</span>
36: <span class="whitespace">        </span><span class="hit">&lt;xsl:sequence select="$trivial02" /&gt;</span>
37: <span class="whitespace">      </span><span class="hit">&lt;/node&gt;</span>
38: <span class="whitespace">      </span><span class="comment">&lt;!-- Local variable constant with select attribute --&gt;</span>
39: <span class="whitespace">      </span><span class="missed">&lt;xsl:variable name="constant01" select="200" /&gt;</span><span class="whitespace">                          </span><span class="comment">&lt;!-- Expected miss (optim constant) --&gt;</span>
40: <span class="whitespace">      </span><span class="hit">&lt;node type="variable - constant"&gt;</span>
41: <span class="whitespace">        </span><span class="hit">&lt;xsl:value-of select="$constant01" /&gt;</span>
42: <span class="whitespace">      </span><span class="hit">&lt;/node&gt;</span>
43: <span class="whitespace">      </span><span class="comment">&lt;!-- Local variable constant with sequence constructor</span>
44: <span class="comment">           Needed as attribute to make it constant --&gt;</span>
45: <span class="whitespace">      </span><span class="missed">&lt;xsl:variable name="constant02" as="xs:string+"&gt;</span><span class="whitespace">                         </span><span class="comment">&lt;!-- Expected miss (optim constant) --&gt;</span>
46: <span class="whitespace">        </span><span class="missed">&lt;xsl:text&gt;</span><span class="missed">2</span><span class="missed">&lt;/xsl:text&gt;</span><span class="whitespace">                                                 </span><span class="comment">&lt;!-- Expected miss (optim constant) --&gt;</span>
47: <span class="whitespace">        </span><span class="missed">&lt;xsl:text&gt;</span><span class="missed">00</span><span class="missed">&lt;/xsl:text&gt;</span><span class="whitespace">                                                </span><span class="comment">&lt;!-- Expected miss (optim constant) --&gt;</span>
48: <span class="whitespace">      </span><span class="missed">&lt;/xsl:variable&gt;</span><span class="whitespace">                                                          </span><span class="comment">&lt;!-- Expected miss (optim constant) --&gt;</span>
49: <span class="whitespace">      </span><span class="hit">&lt;node type="variable - constant"&gt;</span>
50: <span class="whitespace">        </span><span class="hit">&lt;xsl:value-of select="$constant02" separator="" /&gt;</span>
51: <span class="whitespace">      </span><span class="hit">&lt;/node&gt;</span>
52: <span class="whitespace">      </span><span class="comment">&lt;!-- Local variable inlined with select attribute --&gt;</span>
53: <span class="whitespace">      </span><span class="hit">&lt;xsl:variable name="inlined01" select="node || '0'" /&gt;</span>
54: <span class="whitespace">      </span><span class="hit">&lt;node type="variable - inlined"&gt;</span>
55: <span class="whitespace">        </span><span class="hit">&lt;xsl:value-of select="$inlined01" /&gt;</span>
56: <span class="whitespace">      </span><span class="hit">&lt;/node&gt;</span>
57: <span class="whitespace">      </span><span class="comment">&lt;!-- Local variable inlined with sequence constructor --&gt;</span>
58: <span class="whitespace">      </span><span class="hit">&lt;xsl:variable name="inlined02"&gt;</span>
59: <span class="whitespace">        </span><span class="hit">&lt;xsl:value-of select="node" /&gt;</span>
60: <span class="whitespace">        </span><span class="hit">&lt;xsl:text&gt;</span><span class="hit">0</span><span class="hit">&lt;/xsl:text&gt;</span>
61: <span class="whitespace">      </span><span class="hit">&lt;/xsl:variable&gt;</span>
62: <span class="whitespace">      </span><span class="hit">&lt;node type="variable - inlined"&gt;</span>
63: <span class="whitespace">        </span><span class="hit">&lt;xsl:value-of select="$inlined02" /&gt;</span>
64: <span class="whitespace">      </span><span class="hit">&lt;/node&gt;</span>
65: <span class="whitespace">    </span><span class="hit">&lt;/root&gt;</span>
66: <span class="whitespace">  </span><span class="hit">&lt;/xsl:template&gt;</span>
67: <span class="ignored">&lt;/xsl:stylesheet&gt;</span></pre>
      </div>
   </body>
</html>