<?xml version="1.0" encoding="UTF-8"?><html xmlns="http://www.w3.org/1999/xhtml">
   <head>
      <meta http-equiv="Content-Type" content="text/html; charset=UTF-8" />
      <title>Test Coverage Report for xsl-number-01.xsl</title>
      <link rel="stylesheet" type="text/css" href="../../../../../src/reporter/test-report-colors-blackwhite.css" />
      <link rel="stylesheet" type="text/css" href="../../../../../src/reporter/test-report-base.css" />
   </head>
   <body id="coverageReport">
      <h1>Test Coverage Report</h1>
      <div class="byline">Generated by XSpec vx.y.z using Saxon HE x.y</div>
      <p>Stylesheet:  <a href="../../xsl-number-01.xsl">xsl-number-01.xsl</a></p>
      <p>XSpec: <a href="../../xsl-number-01.xspec">xsl-number-01.xspec</a></p>
      <p>Tested: 1 January 2000 at 00:00</p>
      <h2>Contents</h2>
      <table class="xspec">
         <colgroup>
            <col style="width:68.75%" />
            <col style="width:6.25%" />
            <col style="width:6.25%" />
            <col style="width:6.25%" />
            <col style="width:6.25%" />
            <col style="width:6.25%" />
         </colgroup>
         <thead>
            <tr>
               <th></th>
               <th></th>
               <th colspan="3" class="totals nodesHead">nodes</th>
               <th></th>
            </tr>
            <tr>
               <th></th>
               <th class="totals">used</th>
               <th class="totals">hit<br />4</th>
               <th class="totals emphasis">missed<br />0</th>
               <th class="totals">unknown<br />0</th>
               <th class="totals">lines<br />13</th>
            </tr>
         </thead>
         <tbody>
            <tr class="successful">
               <th><a href="#module1">xsl-number-01.xsl</a></th>
               <th class="totals">yes</th>
               <th class="totals">4</th>
               <th class="totals">0</th>
               <th class="totals">0</th>
               <th class="totals">13</th>
            </tr>
         </tbody>
      </table>
      <div id="module1">
         <h2 class="successful">module: xsl-number-01.xsl<span class="scenario-totals">hit: 4 / missed: 0 / unknown: 0</span></h2>
         <pre class="xspecCoverage">01: <span class="ignored">&lt;?xml version="1.0" encoding="UTF-8"?&gt;</span>
02: <span class="ignored">&lt;xsl:stylesheet xmlns:xsl="http://www.w3.org/1999/XSL/Transform" version="3.0"&gt;</span>
03: <span class="whitespace">  </span><span class="comment">&lt;!--</span>
04: <span class="comment">      xsl:number Coverage Test Case</span>
05: <span class="comment">  --&gt;</span>
06: <span class="whitespace">  </span><span class="hit">&lt;xsl:template match="xsl-number"&gt;</span>
07: <span class="whitespace">    </span><span class="hit">&lt;root&gt;</span>
08: <span class="whitespace">      </span><span class="hit">&lt;node type="number"&gt;</span>
09: <span class="whitespace">        </span><span class="hit">&lt;xsl:number /&gt;</span>
10: <span class="whitespace">      </span><span class="hit">&lt;/node&gt;</span>
11: <span class="whitespace">    </span><span class="hit">&lt;/root&gt;</span>
12: <span class="whitespace">  </span><span class="hit">&lt;/xsl:template&gt;</span>
13: <span class="ignored">&lt;/xsl:stylesheet&gt;</span></pre>
      </div>
   </body>
</html>