<?xml version="1.0" encoding="UTF-8"?><html xmlns="http://www.w3.org/1999/xhtml">
   <head>
      <meta http-equiv="Content-Type" content="text/html; charset=UTF-8" />
      <title>Test Coverage Report for xsl-param-01.xsl</title>
      <link rel="stylesheet" type="text/css" href="../../../../../src/reporter/test-report.css" />
   </head>
   <body>
      <h1>Test Coverage Report</h1>
      <p>Stylesheet:  <a href="../../xsl-param-01.xsl">xsl-param-01.xsl</a></p>
      <h2>module: xsl-param-01.xsl; 118 lines</h2>
      <pre class="xspecCoverage">001: <span class="ignored">&lt;?xml version="1.0" encoding="UTF-8"?&gt;</span>
002: <span class="ignored">&lt;xsl:stylesheet xmlns:myns="file://myNamespace"</span>
003: <span class="ignored">  xmlns:xs="http://www.w3.org/2001/XMLSchema"</span>
004: <span class="ignored">  xmlns:xsl="http://www.w3.org/1999/XSL/Transform"</span>
005: <span class="ignored">  version="3.0"&gt;</span>
006: <span class="whitespace">  </span><span class="comment">&lt;!--</span>
007: <span class="comment">      xsl:param Coverage Test Case for child of xsl:stylesheet, xsl:iterate, xsl:function</span>
008: <span class="comment">  --&gt;</span>
009: <span class="whitespace">  </span><span class="comment">&lt;!-- Global param overridden in XSpec --&gt;</span>
010: <span class="whitespace">  </span><span class="missed">&lt;xsl:param name="globalParam01"&gt;</span><span class="missed">0</span><span class="missed">&lt;/xsl:param&gt;</span><span class="whitespace">                                </span><span class="comment">&lt;!-- Expected miss --&gt;</span>
011: <span class="whitespace">  </span><span class="comment">&lt;!-- Global param not overridden in XSpec - no default provided --&gt;</span>
012: <span class="whitespace">  </span><span class="hit">&lt;xsl:param name="globalParamEmptyString01" /&gt;</span>
013: <span class="whitespace">  </span><span class="comment">&lt;!-- Global param not overridden in XSpec - no default provided but @as is present--&gt;</span>
014: <span class="whitespace">  </span><span class="hit">&lt;xsl:param name="globalParamEmptySequence01" as="text()?" /&gt;</span>
015: <span class="whitespace">  </span><span class="comment">&lt;!-- Global param not overridden in XSpec - with select attribute --&gt;</span>
016: <span class="whitespace">  </span><span class="hit">&lt;xsl:param name="globalParamSelect01" select="200" /&gt;</span>
017: <span class="whitespace">  </span><span class="comment">&lt;!-- Global param not overridden in XSpec - with inline sequence constructor --&gt;</span>
018: <span class="whitespace">  </span><span class="hit">&lt;xsl:param name="globalParamDocNode01"&gt;</span><span class="hit">300</span><span class="hit">&lt;/xsl:param&gt;</span>
019: <span class="whitespace">  </span><span class="hit">&lt;xsl:param name="globalParamAs01" as="text()"&gt;</span><span class="hit">300</span><span class="hit">&lt;/xsl:param&gt;</span>
020: <span class="whitespace">  </span><span class="comment">&lt;!-- Global param not overridden in XSpec - with multiline sequence constructor--&gt;</span>
021: <span class="whitespace">  </span><span class="hit">&lt;xsl:param name="globalParamDocNode02"&gt;</span>
022: <span class="whitespace">    </span><span class="hit">&lt;xsl:text&gt;</span><span class="hit">4</span><span class="hit">&lt;/xsl:text&gt;</span>
023: <span class="whitespace">    </span><span class="hit">&lt;xsl:text&gt;</span><span class="hit">0</span><span class="hit">&lt;/xsl:text&gt;</span>
024: <span class="whitespace">    </span><span class="hit">&lt;xsl:text&gt;</span><span class="hit">0</span><span class="hit">&lt;/xsl:text&gt;</span>
025: <span class="whitespace">  </span><span class="hit">&lt;/xsl:param&gt;</span>
026: <span class="whitespace">  </span><span class="hit">&lt;xsl:param name="globalParamAs02" as="text()+"&gt;</span>
027: <span class="whitespace">    </span><span class="hit">&lt;xsl:text&gt;</span><span class="hit">4</span><span class="hit">&lt;/xsl:text&gt;</span>
028: <span class="whitespace">    </span><span class="hit">&lt;xsl:text&gt;</span><span class="hit">0</span><span class="hit">&lt;/xsl:text&gt;</span>
029: <span class="whitespace">    </span><span class="hit">&lt;xsl:text&gt;</span><span class="hit">0</span><span class="hit">&lt;/xsl:text&gt;</span>
030: <span class="whitespace">  </span><span class="hit">&lt;/xsl:param&gt;</span>
031: <span class="whitespace">  </span><span class="comment">&lt;!-- Global param not overridden in XSpec - with multiline sequence constructor - not used --&gt;</span>
032: <span class="whitespace">  </span><span class="missed">&lt;xsl:param name="globalParam06"&gt;</span><span class="whitespace">                                             </span><span class="comment">&lt;!-- Expected miss --&gt;</span>
033: <span class="whitespace">    </span><span class="missed">&lt;xsl:text&gt;</span><span class="missed">4</span><span class="missed">&lt;/xsl:text&gt;</span><span class="whitespace">                                                     </span><span class="comment">&lt;!-- Expected miss --&gt;</span>
034: <span class="whitespace">    </span><span class="missed">&lt;xsl:text&gt;</span><span class="missed">0</span><span class="missed">&lt;/xsl:text&gt;</span><span class="whitespace">                                                     </span><span class="comment">&lt;!-- Expected miss --&gt;</span>
035: <span class="whitespace">    </span><span class="missed">&lt;xsl:text&gt;</span><span class="missed">0</span><span class="missed">&lt;/xsl:text&gt;</span><span class="whitespace">                                                     </span><span class="comment">&lt;!-- Expected miss --&gt;</span>
036: <span class="whitespace">  </span><span class="missed">&lt;/xsl:param&gt;</span><span class="whitespace">                                                                 </span><span class="comment">&lt;!-- Expected miss --&gt;</span>
037: 
038: <span class="whitespace">  </span><span class="hit">&lt;xsl:template match="xsl-param"&gt;</span>
039: <span class="whitespace">    </span><span class="hit">&lt;root&gt;</span>
040: <span class="whitespace">      </span><span class="comment">&lt;!-- Global param --&gt;</span>
041: <span class="whitespace">      </span><span class="hit">&lt;node type="param - global"&gt;</span>
042: <span class="whitespace">        </span><span class="hit">&lt;xsl:value-of select="$globalParam01" /&gt;</span>
043: <span class="whitespace">      </span><span class="hit">&lt;/node&gt;</span>
044: <span class="whitespace">      </span><span class="hit">&lt;node type="param - global"&gt;</span>
045: <span class="whitespace">        </span><span class="hit">&lt;xsl:value-of select="count($globalParamEmptyString01)" /&gt;</span>
046: <span class="whitespace">      </span><span class="hit">&lt;/node&gt;</span>
047: <span class="whitespace">      </span><span class="hit">&lt;node type="param - global"&gt;</span>
048: <span class="whitespace">        </span><span class="hit">&lt;xsl:value-of select="count($globalParamEmptySequence01)" /&gt;</span>
049: <span class="whitespace">      </span><span class="hit">&lt;/node&gt;</span>
050: <span class="whitespace">      </span><span class="hit">&lt;node type="param - global"&gt;</span>
051: <span class="whitespace">        </span><span class="hit">&lt;xsl:value-of select="$globalParamSelect01" /&gt;</span>
052: <span class="whitespace">      </span><span class="hit">&lt;/node&gt;</span>
053: <span class="whitespace">      </span><span class="hit">&lt;node type="param - global"&gt;</span>
054: <span class="whitespace">        </span><span class="hit">&lt;xsl:value-of select="$globalParamDocNode01" /&gt;</span>
055: <span class="whitespace">      </span><span class="hit">&lt;/node&gt;</span>
056: <span class="whitespace">      </span><span class="hit">&lt;node type="param - global"&gt;</span>
057: <span class="whitespace">        </span><span class="hit">&lt;xsl:value-of select="$globalParamAs01" /&gt;</span>
058: <span class="whitespace">      </span><span class="hit">&lt;/node&gt;</span>
059: <span class="whitespace">      </span><span class="hit">&lt;node type="param - global"&gt;</span>
060: <span class="whitespace">        </span><span class="hit">&lt;xsl:value-of select="$globalParamDocNode02" /&gt;</span>
061: <span class="whitespace">      </span><span class="hit">&lt;/node&gt;</span>
062: <span class="whitespace">      </span><span class="hit">&lt;node type="param - global"&gt;</span>
063: <span class="whitespace">        </span><span class="hit">&lt;xsl:value-of select="$globalParamAs02" /&gt;</span>
064: <span class="whitespace">      </span><span class="hit">&lt;/node&gt;</span>
065: <span class="whitespace">      </span><span class="comment">&lt;!-- Function param --&gt;</span>
066: <span class="whitespace">      </span><span class="hit">&lt;node type="param - function"&gt;</span>
067: <span class="whitespace">        </span><span class="hit">&lt;xsl:value-of select="myns:paramFunction01('1200')" /&gt;</span>
068: <span class="whitespace">      </span><span class="hit">&lt;/node&gt;</span>
069: <span class="whitespace">      </span><span class="comment">&lt;!--Iterate param with select attribute --&gt;</span>
070: <span class="whitespace">      </span><span class="hit">&lt;xsl:iterate select="node"&gt;</span>
071: <span class="whitespace">        </span><span class="hit">&lt;xsl:param name="iterateParam01" select="13" /&gt;</span>
072: <span class="whitespace">        </span><span class="hit">&lt;node type="param - iterate"&gt;</span>
073: <span class="whitespace">          </span><span class="hit">&lt;xsl:value-of select="$iterateParam01 * 100" /&gt;</span>
074: <span class="whitespace">        </span><span class="hit">&lt;/node&gt;</span>
075: <span class="whitespace">      </span><span class="hit">&lt;/xsl:iterate&gt;</span>
076: <span class="whitespace">      </span><span class="comment">&lt;!--Iterate param with inline sequence constructor --&gt;</span>
077: <span class="whitespace">      </span><span class="hit">&lt;xsl:iterate select="node"&gt;</span>
078: <span class="whitespace">        </span><span class="hit">&lt;xsl:param name="iterateParamDocNode01"&gt;</span><span class="hit">14</span><span class="hit">&lt;/xsl:param&gt;</span>
079: <span class="whitespace">        </span><span class="hit">&lt;xsl:param name="iterateParamAs01" as="xs:integer" select="14" /&gt;</span>
080: <span class="whitespace">        </span><span class="hit">&lt;node type="param - iterate"&gt;</span>
081: <span class="whitespace">          </span><span class="hit">&lt;xsl:value-of select="$iterateParamDocNode01 * 100 + $iterateParamAs01" /&gt;</span>
082: <span class="whitespace">        </span><span class="hit">&lt;/node&gt;</span>
083: <span class="whitespace">      </span><span class="hit">&lt;/xsl:iterate&gt;</span>
084: <span class="whitespace">      </span><span class="comment">&lt;!--Iterate param with multiline sequence constructor --&gt;</span>
085: <span class="whitespace">      </span><span class="hit">&lt;xsl:iterate select="node"&gt;</span>
086: <span class="whitespace">        </span><span class="hit">&lt;xsl:param name="iterateParamDocNode01"&gt;</span>
087: <span class="whitespace">          </span><span class="missed">&lt;xsl:text&gt;</span><span class="missed">1</span><span class="missed">&lt;/xsl:text&gt;</span>
088: <span class="whitespace">          </span><span class="missed">&lt;xsl:choose&gt;</span>
089: <span class="whitespace">            </span><span class="missed">&lt;xsl:when test="1 eq 1"&gt;</span>
090: <span class="whitespace">              </span><span class="missed">&lt;xsl:text&gt;</span><span class="missed">5</span><span class="missed">&lt;/xsl:text&gt;</span>
091: <span class="whitespace">            </span><span class="missed">&lt;/xsl:when&gt;</span>
092: <span class="whitespace">            </span><span class="missed">&lt;xsl:otherwise&gt;</span>
093: <span class="whitespace">              </span><span class="missed">&lt;xsl:text&gt;</span><span class="missed">99</span><span class="missed">&lt;/xsl:text&gt;</span><span class="whitespace">                                          </span><span class="comment">&lt;!-- Expected miss --&gt;</span>
094: <span class="whitespace">            </span><span class="missed">&lt;/xsl:otherwise&gt;</span>
095: <span class="whitespace">          </span><span class="missed">&lt;/xsl:choose&gt;</span>
096: <span class="whitespace">        </span><span class="hit">&lt;/xsl:param&gt;</span>
097: <span class="whitespace">        </span><span class="hit">&lt;xsl:param name="iterateParamAs01" as="xs:integer" select="15" /&gt;</span>
098: <span class="whitespace">        </span><span class="hit">&lt;node type="param - iterate"&gt;</span>
099: <span class="whitespace">          </span><span class="hit">&lt;xsl:value-of select="$iterateParamDocNode01 * 100 + $iterateParamAs01" /&gt;</span>
100: <span class="whitespace">        </span><span class="hit">&lt;/node&gt;</span>
101: <span class="whitespace">      </span><span class="hit">&lt;/xsl:iterate&gt;</span>
102: <span class="whitespace">      </span><span class="comment">&lt;!--Iterate param with empty string and empty sequence --&gt;</span>
103: <span class="whitespace">      </span><span class="hit">&lt;xsl:iterate select="node"&gt;</span>
104: <span class="whitespace">        </span><span class="hit">&lt;xsl:param name="iterateParamEmptySequence01" as="xs:string?" /&gt;</span>
105: <span class="whitespace">        </span><span class="hit">&lt;xsl:param name="iterateParamEmptyString01" /&gt;</span>
106: <span class="whitespace">        </span><span class="hit">&lt;node type="param - iterate"&gt;</span>
107: <span class="whitespace">          </span><span class="hit">&lt;xsl:value-of select="count($iterateParamEmptySequence01)" /&gt;</span>
108: <span class="whitespace">          </span><span class="hit">&lt;xsl:value-of select="count($iterateParamEmptyString01)" /&gt;</span>
109: <span class="whitespace">        </span><span class="hit">&lt;/node&gt;</span>
110: <span class="whitespace">      </span><span class="hit">&lt;/xsl:iterate&gt;</span>
111: <span class="whitespace">    </span><span class="hit">&lt;/root&gt;</span>
112: <span class="whitespace">  </span><span class="hit">&lt;/xsl:template&gt;</span>
113: <span class="whitespace">  </span><span class="comment">&lt;!-- Function param - not allowed a default value so no select attribute or sequence constructor tests --&gt;</span>
114: <span class="whitespace">  </span><span class="hit">&lt;xsl:function name="myns:paramFunction01"&gt;</span>
115: <span class="whitespace">    </span><span class="hit">&lt;xsl:param name="functionParam01" /&gt;</span>
116: <span class="whitespace">    </span><span class="hit">&lt;xsl:value-of select="$functionParam01" /&gt;</span>
117: <span class="whitespace">  </span><span class="hit">&lt;/xsl:function&gt;</span>
118: <span class="ignored">&lt;/xsl:stylesheet&gt;</span></pre>
   </body>
</html>