<?xml version="1.0" encoding="UTF-8"?><html xmlns="http://www.w3.org/1999/xhtml">
   <head>
      <meta http-equiv="Content-Type" content="text/html; charset=UTF-8" />
      <title>Test Coverage Report for xsl-value-of-01.xsl</title>
      <link rel="stylesheet" type="text/css" href="../../../../../src/reporter/test-report.css" />
   </head>
   <body>
      <h1>Test Coverage Report</h1>
      <p>Stylesheet:  <a href="../../xsl-value-of-01.xsl">xsl-value-of-01.xsl</a></p>
      <h2>module: xsl-value-of-01.xsl; 20 lines</h2>
      <pre>01: <span class="ignored">&lt;?xml version="1.0" encoding="UTF-8"?&gt;</span>
02: <span class="ignored">&lt;xsl:stylesheet xmlns:xsl="http://www.w3.org/1999/XSL/Transform" version="3.0"&gt;</span>
03: <span class="ignored">  </span><span class="ignored">&lt;!--</span>
04: <span class="ignored">      xsl:value-of Coverage Test Case</span>
05: <span class="ignored">  --&gt;</span>
06: <span class="ignored">  </span><span class="hit">&lt;xsl:template match="xsl-value-of"&gt;</span>
07: <span class="ignored">    </span><span class="hit">&lt;root&gt;</span>
08: <span class="ignored">      </span><span class="ignored">&lt;!-- Using select attribute --&gt;</span>
09: <span class="ignored">      </span><span class="hit">&lt;node type="value-of"&gt;</span>
10: <span class="ignored">        </span><span class="hit">&lt;xsl:value-of select="string('100')" /&gt;</span>
11: <span class="ignored">      </span><span class="hit">&lt;/node&gt;</span>
12: <span class="ignored">      </span><span class="ignored">&lt;!-- Using sequence constructor --&gt;</span>
13: <span class="ignored">      </span><span class="hit">&lt;node type="value-of"&gt;</span>
14: <span class="ignored">        </span><span class="hit">&lt;xsl:value-of&gt;</span>
15: <span class="ignored">          </span><span class="hit">&lt;xsl:text&gt;</span><span class="hit">200</span><span class="hit">&lt;/xsl:text&gt;</span>
16: <span class="ignored">        </span><span class="hit">&lt;/xsl:value-of&gt;</span>
17: <span class="ignored">      </span><span class="hit">&lt;/node&gt;</span>
18: <span class="ignored">    </span><span class="hit">&lt;/root&gt;</span>
19: <span class="ignored">  </span><span class="hit">&lt;/xsl:template&gt;</span>
20: <span class="ignored">&lt;/xsl:stylesheet&gt;</span></pre>
   </body>
</html>