<?xml version="1.0" encoding="UTF-8"?><html xmlns="http://www.w3.org/1999/xhtml">
   <head>
      <meta http-equiv="Content-Type" content="text/html; charset=UTF-8" />
      <title>Test Coverage Report for xsl-processing-instruction-01.xsl</title>
      <link rel="stylesheet" type="text/css" href="../../../../../src/reporter/test-report-colors-blackwhite.css" />
      <link rel="stylesheet" type="text/css" href="../../../../../src/reporter/test-report-base.css" />
   </head>
   <body>
      <h1>Test Coverage Report</h1>
      <p>Stylesheet:  <a href="../../xsl-processing-instruction-01.xsl">xsl-processing-instruction-01.xsl</a></p>
      <h2>module: xsl-processing-instruction-01.xsl; 17 lines</h2>
      <pre class="xspecCoverage">01: <span class="ignored">&lt;?xml version="1.0" encoding="UTF-8"?&gt;</span>
02: <span class="ignored">&lt;xsl:stylesheet xmlns:xsl="http://www.w3.org/1999/XSL/Transform" version="3.0"&gt;</span>
03: <span class="whitespace">  </span><span class="comment">&lt;!--</span>
04: <span class="comment">      xsl:processing-instruction Coverage Test Case</span>
05: <span class="comment">  --&gt;</span>
06: <span class="whitespace">  </span><span class="hit">&lt;xsl:template match="xsl-processing-instruction"&gt;</span>
07: <span class="whitespace">    </span><span class="comment">&lt;!-- Using select attribute --&gt;</span>
08: <span class="whitespace">    </span><span class="hit">&lt;xsl:processing-instruction name="processing-instruction" select="'TestCase1'" /&gt;</span>
09: <span class="whitespace">    </span><span class="comment">&lt;!-- Using sequence constructor --&gt;</span>
10: <span class="whitespace">    </span><span class="hit">&lt;xsl:processing-instruction name="processing-instruction"&gt;</span>
11: <span class="whitespace">      </span><span class="hit">&lt;xsl:text&gt;</span><span class="hit">TestCase2="yes"</span><span class="hit">&lt;/xsl:text&gt;</span>
12: <span class="whitespace">    </span><span class="hit">&lt;/xsl:processing-instruction&gt;</span>
13: <span class="whitespace">    </span><span class="hit">&lt;root&gt;</span>
14: <span class="whitespace">      </span><span class="comment">&lt;!-- No content --&gt;</span>
15: <span class="whitespace">    </span><span class="hit">&lt;/root&gt;</span>
16: <span class="whitespace">  </span><span class="hit">&lt;/xsl:template&gt;</span>
17: <span class="ignored">&lt;/xsl:stylesheet&gt;</span></pre>
   </body>
</html>